<html>
<body>
<pre>
<h1>µVision Build Log</h1>
<h2>Tool Versions:</h2>
IDE-Version: ¦ÌVision V5.38.0.0
Copyright (C) 2022 ARM Ltd and ARM Germany GmbH. All rights reserved.
License Information: askcvjba Lenovo, asdckn, LIC=EXJT4-FMPR4-KP8ZY-IVXE8-2KWDJ-ABB6Y
 
Tool Versions:
Toolchain:       MDK-ARM Plus  Version: 5.38.0.0
Toolchain Path:  C:\Keil_v5\ARM\ARM_Compiler_5.06u7\Bin
C Compiler:      Armcc.exe V5.06 update 7 (build 960)
Assembler:       Armasm.exe V5.06 update 7 (build 960)
Linker/Locator:  ArmLink.exe V5.06 update 7 (build 960)
Library Manager: ArmAr.exe V5.06 update 7 (build 960)
Hex Converter:   FromElf.exe V5.06 update 7 (build 960)
CPU DLL:         SARMCM3.DLL V5.38.0.0
Dialog DLL:      DCM.DLL V1.17.5.0
Target DLL:      STLink\ST-LINKIII-KEIL_SWO.dll V3.1.0.0
Dialog DLL:      TCM.DLL V1.56.4.0
 
<h2>Project:</h2>
E:\Project\Robotics\RoboFly\RoboFly_HAL_RTOS\MDK-ARM\RoboFly_HAL_RTOS.uvprojx
Project File Date:  01/13/2026

<h2>Output:</h2>
*** Using Compiler 'V5.06 update 7 (build 960)', folder: 'C:\Keil_v5\ARM\ARM_Compiler_5.06u7\Bin'
Rebuild target 'RoboFly_HAL_RTOS'
assembling startup_stm32f103xb.s...
compiling spi.c...
compiling stm32f1xx_hal.c...
compiling stm32f1xx_hal_timebase_tim.c...
compiling adc.c...
compiling gpio.c...
compiling stm32f1xx_hal_gpio_ex.c...
compiling stm32f1xx_hal_msp.c...
compiling stm32f1xx_it.c...
compiling usart.c...
compiling tim.c...
compiling freertos.c...
compiling stm32f1xx_hal_adc_ex.c...
compiling main.c...
compiling stm32f1xx_hal_adc.c...
compiling stm32f1xx_hal_rcc.c...
compiling croutine.c...
compiling event_groups.c...
compiling stm32f1xx_hal_rcc_ex.c...
compiling list.c...
compiling queue.c...
compiling stm32f1xx_hal_gpio.c...
compiling stream_buffer.c...
compiling timers.c...
compiling tasks.c...
compiling heap_4.c...
compiling stm32f1xx_hal_cortex.c...
compiling stm32f1xx_hal_dma.c...
compiling cmsis_os.c...
compiling stm32f1xx_hal_pwr.c...
compiling stm32f1xx_hal_flash.c...
compiling stm32f1xx_hal_flash_ex.c...
compiling stm32f1xx_hal_exti.c...
compiling port.c...
compiling system_stm32f1xx.c...
compiling stm32f1xx_hal_tim_ex.c...
compiling stm32f1xx_hal_uart.c...
compiling stm32f1xx_hal_spi.c...
compiling stm32f1xx_hal_tim.c...
compiling filter.c...
..\algortithm\filter.c(223): warning:  #550-D: variable "accx_last"  was set but never used
  	int16_t accx_last=0,accy_last=0,accz_last=0;
..\algortithm\filter.c(223): warning:  #550-D: variable "accy_last"  was set but never used
  	int16_t accx_last=0,accy_last=0,accz_last=0;
..\algortithm\filter.c(223): warning:  #550-D: variable "accz_last"  was set but never used
  	int16_t accx_last=0,accy_last=0,accz_last=0;
..\algortithm\filter.c: 3 warnings, 0 errors
compiling Kalman.c...
compiling pid.c...
compiling spi_io.c...
compiling motor.c...
compiling power.c...
compiling flash.c...
compiling iic.c...
compiling mpu6050.c...
compiling fbm320.c...
compiling paramsave.c...
compiling si24r1.c...
compiling led.c...
compiling remotedata.c...
compiling imu.c...
compiling control.c...
linking...
Program Size: Code=11344 RO-data=432 RW-data=132 ZI-data=5964  
FromELF: creating hex file...
"RoboFly_HAL_RTOS\RoboFly_HAL_RTOS.axf" - 0 Error(s), 3 Warning(s).

<h2>Software Packages used:</h2>

Package Vendor: ARM
                http://www.keil.com/pack/ARM.CMSIS.5.9.0.pack
                ARM.CMSIS.5.9.0
                CMSIS (Common Microcontroller Software Interface Standard)
   * Component: CORE Version: 5.6.0

Package Vendor: Keil
                https://www.keil.com/pack/Keil.STM32F1xx_DFP.2.4.1.pack
                Keil.STM32F1xx_DFP.2.4.1
                STMicroelectronics STM32F1 Series Device Support, Drivers and Examples

<h2>Collection of Component include folders:</h2>
  ./RTE/_RoboFly_HAL_RTOS
  C:/Users/Lenovo/AppData/Local/Arm/Packs/ARM/CMSIS/5.9.0/CMSIS/Core/Include
  C:/Users/Lenovo/AppData/Local/Arm/Packs/Keil/STM32F1xx_DFP/2.4.1/Device/Include

<h2>Collection of Component Files used:</h2>

   * Component: ARM::CMSIS:CORE:5.6.0
      Include file:  CMSIS/Core/Include/tz_context.h
Build Time Elapsed:  00:00:07
</pre>
</body>
</html>
