Component: ARM Compiler 5.06 update 6 (build 750) Tool: armlink [4d35ed]

==============================================================================

Section Cross References

    main.o(i.main) refers to system.o(i.System_Init) for System_Init
    main.o(i.main) refers to delay.o(i.Delay_ms) for Delay_ms
    main.o(i.main) refers to system.o(i.Task_Schedule) for Task_Schedule
    stm32f10x_it.o(i.EXTI2_IRQHandler) refers to stm32f10x_exti.o(i.EXTI_GetITStatus) for EXTI_GetITStatus
    stm32f10x_it.o(i.EXTI2_IRQHandler) refers to si24r1.o(i.SI24R1_read_reg) for SI24R1_read_reg
    stm32f10x_it.o(i.EXTI2_IRQHandler) refers to si24r1.o(i.SI24R1set_Mode) for SI24R1set_Mode
    stm32f10x_it.o(i.EXTI2_IRQHandler) refers to si24r1.o(i.SI24R1_write_reg) for SI24R1_write_reg
    stm32f10x_it.o(i.EXTI2_IRQHandler) refers to si24r1.o(i.SI24R1_RxPacket) for SI24R1_RxPacket
    stm32f10x_it.o(i.EXTI2_IRQHandler) refers to remotedata.o(i.Remote_Data_ReceiveAnalysis) for Remote_Data_ReceiveAnalysis
    stm32f10x_it.o(i.EXTI2_IRQHandler) refers to stm32f10x_exti.o(i.EXTI_ClearITPendingBit) for EXTI_ClearITPendingBit
    stm32f10x_it.o(i.EXTI2_IRQHandler) refers to si24r1.o(.bss) for SI24R1_RX_DATA
    stm32f10x_it.o(i.TIM4_IRQHandler) refers to stm32f10x_tim.o(i.TIM_GetITStatus) for TIM_GetITStatus
    stm32f10x_it.o(i.TIM4_IRQHandler) refers to stm32f10x_tim.o(i.TIM_ClearITPendingBit) for TIM_ClearITPendingBit
    stm32f10x_it.o(i.TIM4_IRQHandler) refers to stm32f10x_it.o(.data) for ms2
    stm32f10x_it.o(i.USART1_IRQHandler) refers to stm32f10x_usart.o(i.USART_GetITStatus) for USART_GetITStatus
    stm32f10x_it.o(i.USART1_IRQHandler) refers to ano_dt.o(i.ANO_DT_Data_Receive_Prepare) for ANO_DT_Data_Receive_Prepare
    stm32f10x_it.o(i.USART1_IRQHandler) refers to stm32f10x_usart.o(i.USART_ClearITPendingBit) for USART_ClearITPendingBit
    system.o(i.System_Init) refers to nvic.o(i.NvicConfig) for NvicConfig
    system.o(i.System_Init) refers to led.o(i.LED_Init) for LED_Init
    system.o(i.System_Init) refers to delay.o(i.Delay_Init) for Delay_Init
    system.o(i.System_Init) refers to usart.o(i.USART_init) for USART_init
    system.o(i.System_Init) refers to iic.o(i.IIC_GPIO_Init) for IIC_GPIO_Init
    system.o(i.System_Init) refers to tim.o(i.TIM_Init) for TIM_Init
    system.o(i.System_Init) refers to exit.o(i.Exit_Init) for Exit_Init
    system.o(i.System_Init) refers to si24r1.o(i.SI24R1_Init) for SI24R1_Init
    system.o(i.System_Init) refers to mpu6050.o(i.MPU6050_Init) for MPU6050_Init
    system.o(i.System_Init) refers to motor.o(i.MOTOR_Init) for MOTOR_Init
    system.o(i.System_Init) refers to power.o(i.BATT_Init) for BATT_Init
    system.o(i.System_Init) refers to paramsave.o(i.PID_ReadFlash) for PID_ReadFlash
    system.o(i.System_Init) refers to pid.o(i.PidParameter_init) for PidParameter_init
    system.o(i.System_Init) refers to kalman.o(i.Kalman_Init) for Kalman_Init
    system.o(i.System_Init) refers to led.o(i.RGB_LED_Off) for RGB_LED_Off
    system.o(i.System_Init) refers to printfb.o(i.__0printf$bare) for __2printf
    system.o(i.System_Init) refers to delay.o(i.Delay_ms) for Delay_ms
    system.o(i.Task_Schedule) refers to ano_dt.o(i.ANO_DT_Data_Exchange) for ANO_DT_Data_Exchange
    system.o(i.Task_Schedule) refers to imu.o(i.Prepare_Data) for Prepare_Data
    system.o(i.Task_Schedule) refers to imu.o(i.IMUupdate) for IMUupdate
    system.o(i.Task_Schedule) refers to control.o(i.Control) for Control
    system.o(i.Task_Schedule) refers to led.o(i.LED_Run) for LED_Run
    system.o(i.Task_Schedule) refers to led.o(i.RGB_LED_Runing) for RGB_LED_Runing
    system.o(i.Task_Schedule) refers to led.o(i.BATT_Alarm_LED) for BATT_Alarm_LED
    system.o(i.Task_Schedule) refers to remotedata.o(i.SI24R1_SingalCheck) for SI24R1_SingalCheck
    system.o(i.Task_Schedule) refers to remotedata.o(i.SendToRemote) for SendToRemote
    system.o(i.Task_Schedule) refers to si24r1.o(i.SI24R1_GetAddr) for SI24R1_GetAddr
    system.o(i.Task_Schedule) refers to stm32f10x_it.o(.data) for ANO_Scan
    system.o(i.Task_Schedule) refers to system.o(.data) for imu_task_count
    system.o(i.Task_Schedule) refers to imu.o(.bss) for Att_Angle
    system.o(i.Task_Schedule) refers to control.o(.data) for Airplane_Enable
    system.o(i.Task_Schedule) refers to remotedata.o(.data) for RC_Control
    system.o(i.Task_Schedule) refers to led.o(.data) for Run_flag
    led.o(i.ACC_Offset_LED) refers to led.o(i.RGB_LED_Off) for RGB_LED_Off
    led.o(i.ACC_Offset_LED) refers to led.o(i.RGB_LED_green) for RGB_LED_green
    led.o(i.ACC_Offset_LED) refers to delay.o(i.Delay_ms) for Delay_ms
    led.o(i.BAR_Offset_LED) refers to led.o(i.RGB_LED_Off) for RGB_LED_Off
    led.o(i.BAR_Offset_LED) refers to led.o(i.RGB_LED_Violet) for RGB_LED_Violet
    led.o(i.BAR_Offset_LED) refers to delay.o(i.Delay_ms) for Delay_ms
    led.o(i.BATT_Alarm_LED) refers to led.o(i.RGB_LED_Red) for RGB_LED_Red
[...]
    i.MPU6050_OffSet                         0x080034ac   Section        0  mpu6050.o(i.MPU6050_OffSet)
    i.MPU6050_Offset                         0x0800356c   Section        0  mpu6050.o(i.MPU6050_Offset)
    i.MPU6050_Read                           0x08003670   Section        0  mpu6050.o(i.MPU6050_Read)
    i.MPU6050_ReadByte                       0x08003684   Section        0  mpu6050.o(i.MPU6050_ReadByte)
    i.MPU6050_ReadMultBytes                  0x0800369e   Section        0  mpu6050.o(i.MPU6050_ReadMultBytes)
    i.MPU6050_WriteByte                      0x080036bc   Section        0  mpu6050.o(i.MPU6050_WriteByte)
    i.MPU6050_getDeviceID                    0x080036d6   Section        0  mpu6050.o(i.MPU6050_getDeviceID)
    i.MPU6050_testConnection                 0x080036e6   Section        0  mpu6050.o(i.MPU6050_testConnection)
    i.Moto_Pwm                               0x080036f8   Section        0  motor.o(i.Moto_Pwm)
    i.NVIC_Init                              0x08003750   Section        0  misc.o(i.NVIC_Init)
    i.NVIC_PriorityGroupConfig               0x080037c0   Section        0  misc.o(i.NVIC_PriorityGroupConfig)
    i.NvicConfig                             0x080037d4   Section        0  nvic.o(i.NvicConfig)
    i.PID_Postion_Cal                        0x08003834   Section        0  pid.o(i.PID_Postion_Cal)
    i.PID_ReadFlash                          0x08003914   Section        0  paramsave.o(i.PID_ReadFlash)
    i.PID_WriteFlash                         0x08003994   Section        0  paramsave.o(i.PID_WriteFlash)
    i.ParamsToTable                          0x080039d0   Section        0  paramsave.o(i.ParamsToTable)
    i.PidParameter_init                      0x08003c14   Section        0  pid.o(i.PidParameter_init)
    i.Prepare_Data                           0x08003cc4   Section        0  imu.o(i.Prepare_Data)
    i.QuiteSort                              0x08003ed0   Section        0  filter.o(i.QuiteSort)
    i.RCC_ADCCLKConfig                       0x08003f08   Section        0  stm32f10x_rcc.o(i.RCC_ADCCLKConfig)
    i.RCC_APB1PeriphClockCmd                 0x08003f20   Section        0  stm32f10x_rcc.o(i.RCC_APB1PeriphClockCmd)
    i.RCC_APB2PeriphClockCmd                 0x08003f40   Section        0  stm32f10x_rcc.o(i.RCC_APB2PeriphClockCmd)
    i.RCC_GetClocksFreq                      0x08003f60   Section        0  stm32f10x_rcc.o(i.RCC_GetClocksFreq)
    i.RGB_LED_FLY                            0x08004034   Section        0  led.o(i.RGB_LED_FLY)
    i.RGB_LED_Off                            0x0800405e   Section        0  led.o(i.RGB_LED_Off)
    i.RGB_LED_Red                            0x08004078   Section        0  led.o(i.RGB_LED_Red)
    i.RGB_LED_Runing                         0x08004094   Section        0  led.o(i.RGB_LED_Runing)
    i.RGB_LED_green                          0x08004148   Section        0  led.o(i.RGB_LED_green)
    i.RGB_WByte                              0x08004162   Section        0  led.o(i.RGB_WByte)
    i.Remote_Data_ReceiveAnalysis            0x0800418c   Section        0  remotedata.o(i.Remote_Data_ReceiveAnalysis)
    i.SDA_IN                                 0x08004220   Section        0  iic.o(i.SDA_IN)
    i.SDA_OUT                                0x08004244   Section        0  iic.o(i.SDA_OUT)
    i.SI24R1_Check                           0x08004270   Section        0  si24r1.o(i.SI24R1_Check)
    i.SI24R1_Config                          0x080042a4   Section        0  si24r1.o(i.SI24R1_Config)
    i.SI24R1_GetAddr                         0x0800432c   Section        0  si24r1.o(i.SI24R1_GetAddr)
    i.SI24R1_Init                            0x08004388   Section        0  si24r1.o(i.SI24R1_Init)
    i.SI24R1_Read_Buf                        0x08004410   Section        0  si24r1.o(i.SI24R1_Read_Buf)
    i.SI24R1_RxPacket                        0x0800445c   Section        0  si24r1.o(i.SI24R1_RxPacket)
    i.SI24R1_SingalCheck                     0x08004494   Section        0  remotedata.o(i.SI24R1_SingalCheck)
    i.SI24R1_TxPacket                        0x080044e8   Section        0  si24r1.o(i.SI24R1_TxPacket)
    i.SI24R1_Write_Buf                       0x08004548   Section        0  si24r1.o(i.SI24R1_Write_Buf)
    i.SI24R1_read_reg                        0x08004594   Section        0  si24r1.o(i.SI24R1_read_reg)
    i.SI24R1_testConnection                  0x080045cc   Section        0  si24r1.o(i.SI24R1_testConnection)
    i.SI24R1_write_reg                       0x08004618   Section        0  si24r1.o(i.SI24R1_write_reg)
    i.SI24R1set_Mode                         0x08004650   Section        0  si24r1.o(i.SI24R1set_Mode)
    i.SPI2_WriteReadByte                     0x080046c0   Section        0  spi.o(i.SPI2_WriteReadByte)
    i.SPI_Cmd                                0x080046f8   Section        0  stm32f10x_spi.o(i.SPI_Cmd)
    i.SPI_GPIO_Init                          0x08004710   Section        0  spi.o(i.SPI_GPIO_Init)
    i.SPI_I2S_GetFlagStatus                  0x08004790   Section        0  stm32f10x_spi.o(i.SPI_I2S_GetFlagStatus)
    i.SPI_I2S_ReceiveData                    0x080047a2   Section        0  stm32f10x_spi.o(i.SPI_I2S_ReceiveData)
    i.SPI_I2S_SendData                       0x080047a8   Section        0  stm32f10x_spi.o(i.SPI_I2S_SendData)
    i.SPI_Init                               0x080047ac   Section        0  stm32f10x_spi.o(i.SPI_Init)
    i.STMFLASH_Read                          0x080047e8   Section        0  flash.o(i.STMFLASH_Read)
    i.STMFLASH_ReadWord                      0x08004808   Section        0  flash.o(i.STMFLASH_ReadWord)
    i.STMFLASH_Write                         0x08004810   Section        0  flash.o(i.STMFLASH_Write)
    i.SendToRemote                           0x08004898   Section        0  remotedata.o(i.SendToRemote)
    i.SetSysClock                            0x080049ac   Section        0  system_stm32f10x.o(i.SetSysClock)
    SetSysClock                              0x080049ad   Thumb Code     8  system_stm32f10x.o(i.SetSysClock)
    i.SetSysClockTo72                        0x080049b4   Section        0  system_stm32f10x.o(i.SetSysClockTo72)
    SetSysClockTo72                          0x080049b5   Thumb Code   214  system_stm32f10x.o(i.SetSysClockTo72)
    i.SortAver_FilterXYZ                     0x08004a94   Section        0  filter.o(i.SortAver_FilterXYZ)
    i.SysTick_CLKSourceConfig                0x08004bb0   Section        0  misc.o(i.SysTick_CLKSourceConfig)
    i.SystemInit                             0x08004bd8   Section        0  system_stm32f10x.o(i.SystemInit)
    i.System_Init                            0x08004c38   Section        0  system.o(i.System_Init)
    i.TIM4_IRQHandler                        0x08004ca0   Section        0  stm32f10x_it.o(i.TIM4_IRQHandler)
    i.TIM_ClearITPendingBit                  0x08004db0   Section        0  stm32f10x_tim.o(i.TIM_ClearITPendingBit)
    i.TIM_Cmd                                0x08004db6   Section        0  stm32f10x_tim.o(i.TIM_Cmd)
    i.TIM_GetITStatus                        0x08004dce   Section        0  stm32f10x_tim.o(i.TIM_GetITStatus)
    i.TIM_ITConfig                           0x08004df0   Section        0  stm32f10x_tim.o(i.TIM_ITConfig)
    i.TIM_Init                               0x08004e04   Section        0  tim.o(i.TIM_Init)
    i.TIM_OC1Init                            0x08004e44   Section        0  stm32f10x_tim.o(i.TIM_OC1Init)
    i.TIM_OC1PreloadConfig                   0x08004edc   Section        0  stm32f10x_tim.o(i.TIM_OC1PreloadConfig)
    i.TIM_OC2Init                            0x08004ef0   Section        0  stm32f10x_tim.o(i.TIM_OC2Init)
    i.TIM_OC2PreloadConfig                   0x08004f94   Section        0  stm32f10x_tim.o(i.TIM_OC2PreloadConfig)
    i.TIM_OC3Init                            0x08004fb0   Section        0  stm32f10x_tim.o(i.TIM_OC3Init)
    i.TIM_OC3PreloadConfig                   0x08005050   Section        0  stm32f10x_tim.o(i.TIM_OC3PreloadConfig)
    i.TIM_OC4Init                            0x08005064   Section        0  stm32f10x_tim.o(i.TIM_OC4Init)
    i.TIM_OC4PreloadConfig                   0x080050e0   Section        0  stm32f10x_tim.o(i.TIM_OC4PreloadConfig)
    i.TIM_TimeBaseInit                       0x080050fc   Section        0  stm32f10x_tim.o(i.TIM_TimeBaseInit)
    i.TableToParams                          0x080051a0   Section        0  paramsave.o(i.TableToParams)
    i.Task_Schedule                          0x080053f8   Section        0  system.o(i.Task_Schedule)
    i.USART1_IRQHandler                      0x080054b8   Section        0  stm32f10x_it.o(i.USART1_IRQHandler)
    i.USART_ClearITPendingBit                0x08005504   Section        0  stm32f10x_usart.o(i.USART_ClearITPendingBit)
    i.USART_Cmd                              0x08005522   Section        0  stm32f10x_usart.o(i.USART_Cmd)
    i.USART_GetFlagStatus                    0x0800553a   Section        0  stm32f10x_usart.o(i.USART_GetFlagStatus)
    i.USART_GetITStatus                      0x08005554   Section        0  stm32f10x_usart.o(i.USART_GetITStatus)
    i.USART_ITConfig                         0x080055a8   Section        0  stm32f10x_usart.o(i.USART_ITConfig)
    i.USART_Init                             0x080055f4   Section        0  stm32f10x_usart.o(i.USART_Init)
    i.USART_SendData                         0x080056cc   Section        0  stm32f10x_usart.o(i.USART_SendData)
    i.USART_init                             0x080056d4   Section        0  usart.o(i.USART_init)
    i.UnControl_Land                         0x0800576c   Section        0  remotedata.o(i.UnControl_Land)
    i.Write0                                 0x0800578c   Section        0  led.o(i.Write0)
    i.Write1                                 0x080057fc   Section        0  led.o(i.Write1)
    i.Write24Bit                             0x08005874   Section        0  led.o(i.Write24Bit)
    i.Yaw_Carefree                           0x08005890   Section        0  control.o(i.Yaw_Carefree)
    i.__0printf$bare                         0x08005910   Section        0  printfb.o(i.__0printf$bare)
    i.__ARM_fpclassifyf                      0x08005920   Section        0  fpclassifyf.o(i.__ARM_fpclassifyf)
    i.__mathlib_flt_infnan                   0x08005946   Section        0  funder.o(i.__mathlib_flt_infnan)
    i.__mathlib_flt_infnan2                  0x0800594c   Section        0  funder.o(i.__mathlib_flt_infnan2)
    i.__mathlib_flt_invalid                  0x08005950   Section        0  funder.o(i.__mathlib_flt_invalid)
    i.__mathlib_flt_underflow                0x08005958   Section        0  funder.o(i.__mathlib_flt_underflow)
    i.__mathlib_rredf2                       0x08005964   Section        0  rredf.o(i.__mathlib_rredf2)
    i.__scatterload_copy                     0x08005acc   Section       14  handlers.o(i.__scatterload_copy)
    i.__scatterload_null                     0x08005ada   Section        2  handlers.o(i.__scatterload_null)
    i.__scatterload_zeroinit                 0x08005adc   Section       14  handlers.o(i.__scatterload_zeroinit)
    i.__set_errno                            0x08005aec   Section        0  errno.o(i.__set_errno)
    i._printf_core                           0x08005af8   Section        0  printfb.o(i._printf_core)
    _printf_core                             0x08005af9   Thumb Code    34  printfb.o(i._printf_core)
    i.asinf                                  0x08005b1c   Section        0  asinf.o(i.asinf)
    i.atan2f                                 0x08005c40   Section        0  atan2f.o(i.atan2f)
    i.cosf                                   0x08005e9c   Section        0  cosf.o(i.cosf)
    i.fputc                                  0x08006018   Section        0  usart.o(i.fputc)
    i.invSqrt                                0x0800603c   Section        0  imu.o(i.invSqrt)
    invSqrt                                  0x0800603d   Thumb Code    72  imu.o(i.invSqrt)
    i.main                                   0x08006088   Section        0  main.o(i.main)
    i.sinf                                   0x0800609c   Section        0  sinf.o(i.sinf)
    i.sqrtf                                  0x08006224   Section        0  sqrtf.o(i.sqrtf)
    i.usart_send                             0x08006250   Section        0  usart.o(i.usart_send)
    .constdata                               0x08006280   Section       36  imu.o(.constdata)
    .constdata                               0x080062a4   Section       32  rredf.o(.constdata)
    twooverpi                                0x080062a4   Data          32  rredf.o(.constdata)
    .data                                    0x20000000   Section       20  stm32f10x_it.o(.data)
    .data                                    0x20000014   Section        2  system.o(.data)
    .data                                    0x20000018   Section      454  led.o(.data)
    Run_buf                                  0x20000018   Data         448  led.o(.data)
    flag                                     0x200001d9   Data           1  led.o(.data)
    cnt                                      0x200001da   Data           1  led.o(.data)
    wcnt                                     0x200001db   Data           1  led.o(.data)
    times                                    0x200001dc   Data           1  led.o(.data)
    flag                                     0x200001dd   Data           1  led.o(.data)
    .data                                    0x200001de   Section        4  delay.o(.data)
    D_us                                     0x200001de   Data           1  delay.o(.data)
    D_ms                                     0x200001e0   Data           2  delay.o(.data)
    .data                                    0x200001e4   Section       23  power.o(.data)
    cnt                                      0x200001f9   Data           1  power.o(.data)
    cnt1                                     0x200001fa   Data           1  power.o(.data)
    .data                                    0x200001fb   Section       13  si24r1.o(.data)
    mode                                     0x20000206   Data           1  si24r1.o(.data)
    key                                      0x20000207   Data           1  si24r1.o(.data)
    .data                                    0x20000208   Section       52  mpu6050.o(.data)
    tempgx                                   0x20000224   Data           4  mpu6050.o(.data)
    tempgy                                   0x20000228   Data           4  mpu6050.o(.data)
    tempgz                                   0x2000022c   Data           4  mpu6050.o(.data)
    cnt_a                                    0x20000230   Data           2  mpu6050.o(.data)
    is_gyro_calib                            0x20000234   Data           4  mpu6050.o(.data)
    is_acc_calib                             0x20000238   Data           4  mpu6050.o(.data)
    .data                                    0x2000023c   Section       14  filter.o(.data)
    cnt                                      0x2000023c   Data           1  filter.o(.data)
    flag                                     0x2000023d   Data           1  filter.o(.data)
    cnt                                      0x2000023e   Data           1  filter.o(.data)
    flag                                     0x2000023f   Data           1  filter.o(.data)
    cnt                                      0x20000240   Data           1  filter.o(.data)
    flag                                     0x20000241   Data           1  filter.o(.data)
    cnt                                      0x20000242   Data           1  filter.o(.data)
    flag                                     0x20000243   Data           1  filter.o(.data)
    cnt                                      0x20000244   Data           1  filter.o(.data)
    flag                                     0x20000245   Data           1  filter.o(.data)
    cnt                                      0x20000246   Data           1  filter.o(.data)
    flag                                     0x20000247   Data           1  filter.o(.data)
    cnt                                      0x20000248   Data           1  filter.o(.data)
    flag                                     0x20000249   Data           1  filter.o(.data)
    .data                                    0x2000024c   Section       33  imu.o(.data)
    IIR_mode                                 0x2000026c   Data           1  imu.o(.data)
    .data                                    0x20000270   Section       36  kalman.o(.data)
    .data                                    0x20000294   Section       28  control.o(.data)
    YAW                                      0x200002ae   Data           2  control.o(.data)
    .data                                    0x200002b0   Section        9  ano_dt.o(.data)
    status_cnt                               0x200002b1   Data           1  ano_dt.o(.data)
    senser_cnt                               0x200002b2   Data           1  ano_dt.o(.data)
    rcdata_cnt                               0x200002b3   Data           1  ano_dt.o(.data)
    motopwm_cnt                              0x200002b4   Data           1  ano_dt.o(.data)
    power_cnt                                0x200002b5   Data           1  ano_dt.o(.data)
    _data_len                                0x200002b6   Data           1  ano_dt.o(.data)
    _data_cnt                                0x200002b7   Data           1  ano_dt.o(.data)
    state                                    0x200002b8   Data           1  ano_dt.o(.data)
    .data                                    0x200002ba   Section       12  remotedata.o(.data)
    PreButton                                0x200002c4   Data           1  remotedata.o(.data)
    PreDataID                                0x200002c5   Data           1  remotedata.o(.data)
    .data                                    0x200002c6   Section       20  stm32f10x_rcc.o(.data)
    APBAHBPrescTable                         0x200002c6   Data          16  stm32f10x_rcc.o(.data)
    ADCPrescTable                            0x200002d6   Data           4  stm32f10x_rcc.o(.data)
    .data                                    0x200002dc   Section       20  system_stm32f10x.o(.data)
    .data                                    0x200002f0   Section        4  rand.o(.data)
    _rand_state                              0x200002f0   Data           4  rand.o(.data)
    .data                                    0x200002f4   Section        4  stdout.o(.data)
    .data                                    0x200002f8   Section        4  errno.o(.data)
    _errno                                   0x200002f8   Data           4  errno.o(.data)
    .bss                                     0x200002fc   Section       64  si24r1.o(.bss)
    .bss                                     0x2000033c   Section       64  fbm320.o(.bss)
    .bss                                     0x2000037c   Section       14  mpu6050.o(.bss)
    MPU6050_buff                             0x2000037c   Data          14  mpu6050.o(.bss)
    .bss                                     0x2000038c   Section     1280  filter.o(.bss)
    buf                                      0x2000038c   Data          80  filter.o(.bss)
    buf                                      0x200003dc   Data          80  filter.o(.bss)
    bufx                                     0x2000042c   Data          80  filter.o(.bss)
    bufy                                     0x2000047c   Data          80  filter.o(.bss)
    bufz                                     0x200004cc   Data          80  filter.o(.bss)
    bufax                                    0x2000051c   Data          80  filter.o(.bss)
    bufay                                    0x2000056c   Data          80  filter.o(.bss)
    bufaz                                    0x200005bc   Data          80  filter.o(.bss)
    bufgx                                    0x2000060c   Data          80  filter.o(.bss)
    bufgy                                    0x2000065c   Data          80  filter.o(.bss)
    bufgz                                    0x200006ac   Data          80  filter.o(.bss)
    bufax                                    0x200006fc   Data          80  filter.o(.bss)
    bufay                                    0x2000074c   Data          80  filter.o(.bss)
    bufaz                                    0x2000079c   Data          80  filter.o(.bss)
    buf                                      0x200007ec   Data          80  filter.o(.bss)
    buf                                      0x2000083c   Data          80  filter.o(.bss)
    .bss                                     0x2000088c   Section      120  imu.o(.bss)
    .bss                                     0x20000904   Section       80  kalman.o(.bss)
    .bss                                     0x20000954   Section      480  control.o(.bss)
    .bss                                     0x20000b34   Section       62  paramsave.o(.bss)
    .bss                                     0x20000b72   Section      110  ano_dt.o(.bss)
    RxBuffer                                 0x20000bae   Data          50  ano_dt.o(.bss)
    STACK                                    0x20000be0   Section     1024  startup_stm32f10x_md.o(STACK)

    Global Symbols

    Symbol Name                              Value     Ov Type        Size  Object(Section)

    BuildAttributes$$THM_ISAv4$P$D$K$B$S$PE$A:L22UL41UL21$X:L11$S22US41US21$IEEE1$IW$USESV6$~STKCKD$USESV7$~SHL$OTIME$ROPI$IEEEX$EBA8$MICROLIB$REQ8$PRES8$EABIv2 0x00000000   Number         0  anon$$obj.o ABSOLUTE
    __ARM_use_no_argv                        0x00000000   Number         0  main.o ABSOLUTE
    __cpp_initialize__aeabi_                  - Undefined Weak Reference
    __cxa_finalize                            - Undefined Weak Reference
    _clock_init                               - Undefined Weak Reference
    _microlib_exit                            - Undefined Weak Reference
    __Vectors_Size                           0x000000ec   Number         0  startup_stm32f10x_md.o ABSOLUTE
    __Vectors                                0x08000000   Data           4  startup_stm32f10x_md.o(RESET)
    __Vectors_End                            0x080000ec   Data           0  startup_stm32f10x_md.o(RESET)
    __main                                   0x080000ed   Thumb Code     0  entry.o(.ARM.Collect$$$$00000000)
    _main_stk                                0x080000ed   Thumb Code     0  entry2.o(.ARM.Collect$$$$00000001)
    _main_scatterload                        0x080000f1   Thumb Code     0  entry5.o(.ARM.Collect$$$$00000004)
    __main_after_scatterload                 0x080000f5   Thumb Code     0  entry5.o(.ARM.Collect$$$$00000004)
    _main_clock                              0x080000f5   Thumb Code     0  entry7b.o(.ARM.Collect$$$$00000008)
    _main_cpp_init                           0x080000f5   Thumb Code     0  entry8b.o(.ARM.Collect$$$$0000000A)
    _main_init                               0x080000f5   Thumb Code     0  entry9a.o(.ARM.Collect$$$$0000000B)
    __rt_final_cpp                           0x080000fd   Thumb Code     0  entry10a.o(.ARM.Collect$$$$0000000D)
    __rt_final_exit                          0x080000fd   Thumb Code     0  entry11a.o(.ARM.Collect$$$$0000000F)
    Reset_Handler                            0x08000101   Thumb Code     8  startup_stm32f10x_md.o(.text)
    NMI_Handler                              0x08000109   Thumb Code     2  startup_stm32f10x_md.o(.text)
    HardFault_Handler                        0x0800010b   Thumb Code     2  startup_stm32f10x_md.o(.text)
    MemManage_Handler                        0x0800010d   Thumb Code     2  startup_stm32f10x_md.o(.text)
    BusFault_Handler                         0x0800010f   Thumb Code     2  startup_stm32f10x_md.o(.text)
    UsageFault_Handler                       0x08000111   Thumb Code     2  startup_stm32f10x_md.o(.text)
    SVC_Handler                              0x08000113   Thumb Code     2  startup_stm32f10x_md.o(.text)
    DebugMon_Handler                         0x08000115   Thumb Code     2  startup_stm32f10x_md.o(.text)
    PendSV_Handler                           0x08000117   Thumb Code     2  startup_stm32f10x_md.o(.text)
    SysTick_Handler                          0x08000119   Thumb Code     2  startup_stm32f10x_md.o(.text)
    ADC1_2_IRQHandler                        0x0800011b   Thumb Code     0  startup_stm32f10x_md.o(.text)
    CAN1_RX1_IRQHandler                      0x0800011b   Thumb Code     0  startup_stm32f10x_md.o(.text)
    CAN1_SCE_IRQHandler                      0x0800011b   Thumb Code     0  startup_stm32f10x_md.o(.text)
    DMA1_Channel1_IRQHandler                 0x0800011b   Thumb Code     0  startup_stm32f10x_md.o(.text)
    DMA1_Channel2_IRQHandler                 0x0800011b   Thumb Code     0  startup_stm32f10x_md.o(.text)
    DMA1_Channel3_IRQHandler                 0x0800011b   Thumb Code     0  startup_stm32f10x_md.o(.text)
    DMA1_Channel4_IRQHandler                 0x0800011b   Thumb Code     0  startup_stm32f10x_md.o(.text)
    DMA1_Channel5_IRQHandler                 0x0800011b   Thumb Code     0  startup_stm32f10x_md.o(.text)
    DMA1_Channel6_IRQHandler                 0x0800011b   Thumb Code     0  startup_stm32f10x_md.o(.text)
    DMA1_Channel7_IRQHandler                 0x0800011b   Thumb Code     0  startup_stm32f10x_md.o(.text)
    EXTI0_IRQHandler                         0x0800011b   Thumb Code     0  startup_stm32f10x_md.o(.text)
    EXTI15_10_IRQHandler                     0x0800011b   Thumb Code     0  startup_stm32f10x_md.o(.text)
    EXTI1_IRQHandler                         0x0800011b   Thumb Code     0  startup_stm32f10x_md.o(.text)
    EXTI3_IRQHandler                         0x0800011b   Thumb Code     0  startup_stm32f10x_md.o(.text)
    EXTI4_IRQHandler                         0x0800011b   Thumb Code     0  startup_stm32f10x_md.o(.text)
    EXTI9_5_IRQHandler                       0x0800011b   Thumb Code     0  startup_stm32f10x_md.o(.text)
    FLASH_IRQHandler                         0x0800011b   Thumb Code     0  startup_stm32f10x_md.o(.text)
    I2C1_ER_IRQHandler                       0x0800011b   Thumb Code     0  startup_stm32f10x_md.o(.text)
    I2C1_EV_IRQHandler                       0x0800011b   Thumb Code     0  startup_stm32f10x_md.o(.text)
    I2C2_ER_IRQHandler                       0x0800011b   Thumb Code     0  startup_stm32f10x_md.o(.text)
    I2C2_EV_IRQHandler                       0x0800011b   Thumb Code     0  startup_stm32f10x_md.o(.text)
    PVD_IRQHandler                           0x0800011b   Thumb Code     0  startup_stm32f10x_md.o(.text)
    RCC_IRQHandler                           0x0800011b   Thumb Code     0  startup_stm32f10x_md.o(.text)
    RTCAlarm_IRQHandler                      0x0800011b   Thumb Code     0  startup_stm32f10x_md.o(.text)
    RTC_IRQHandler                           0x0800011b   Thumb Code     0  startup_stm32f10x_md.o(.text)
    SPI1_IRQHandler                          0x0800011b   Thumb Code     0  startup_stm32f10x_md.o(.text)
    SPI2_IRQHandler                          0x0800011b   Thumb Code     0  startup_stm32f10x_md.o(.text)
    TAMPER_IRQHandler                        0x0800011b   Thumb Code     0  startup_stm32f10x_md.o(.text)
    TIM1_BRK_IRQHandler                      0x0800011b   Thumb Code     0  startup_stm32f10x_md.o(.text)
    TIM1_CC_IRQHandler                       0x0800011b   Thumb Code     0  startup_stm32f10x_md.o(.text)
    TIM1_TRG_COM_IRQHandler                  0x0800011b   Thumb Code     0  startup_stm32f10x_md.o(.text)
    TIM1_UP_IRQHandler                       0x0800011b   Thumb Code     0  startup_stm32f10x_md.o(.text)
    TIM2_IRQHandler                          0x0800011b   Thumb Code     0  startup_stm32f10x_md.o(.text)
    TIM3_IRQHandler                          0x0800011b   Thumb Code     0  startup_stm32f10x_md.o(.text)
    USART2_IRQHandler                        0x0800011b   Thumb Code     0  startup_stm32f10x_md.o(.text)
    USART3_IRQHandler                        0x0800011b   Thumb Code     0  startup_stm32f10x_md.o(.text)
    USBWakeUp_IRQHandler                     0x0800011b   Thumb Code     0  startup_stm32f10x_md.o(.text)
    USB_HP_CAN1_TX_IRQHandler                0x0800011b   Thumb Code     0  startup_stm32f10x_md.o(.text)
    USB_LP_CAN1_RX0_IRQHandler               0x0800011b   Thumb Code     0  startup_stm32f10x_md.o(.text)
    WWDG_IRQHandler                          0x0800011b   Thumb Code     0  startup_stm32f10x_md.o(.text)
    rand                                     0x08000125   Thumb Code    20  rand.o(.text)
    srand                                    0x08000139   Thumb Code     6  rand.o(.text)
    __aeabi_memcpy                           0x08000149   Thumb Code    36  memcpya.o(.text)
    __aeabi_memcpy4                          0x08000149   Thumb Code     0  memcpya.o(.text)
    __aeabi_memcpy8                          0x08000149   Thumb Code     0  memcpya.o(.text)
    __aeabi_fadd                             0x0800016d   Thumb Code   164  fadd.o(.text)
    __aeabi_fsub                             0x08000211   Thumb Code     6  fadd.o(.text)
    __aeabi_frsub                            0x08000217   Thumb Code     6  fadd.o(.text)
    __aeabi_fmul                             0x0800021d   Thumb Code   100  fmul.o(.text)
    __aeabi_fdiv                             0x08000281   Thumb Code   124  fdiv.o(.text)
    __aeabi_dadd                             0x080002fd   Thumb Code   322  dadd.o(.text)
    __aeabi_dsub                             0x0800043f   Thumb Code     6  dadd.o(.text)
    __aeabi_drsub                            0x08000445   Thumb Code     6  dadd.o(.text)
    __aeabi_dmul                             0x0800044b   Thumb Code   228  dmul.o(.text)
    __aeabi_ddiv                             0x0800052f   Thumb Code   222  ddiv.o(.text)
    __aeabi_i2f                              0x0800060d   Thumb Code    18  fflti.o(.text)
    __aeabi_ui2f                             0x0800061f   Thumb Code    10  ffltui.o(.text)
    __aeabi_i2d                              0x08000629   Thumb Code    34  dflti.o(.text)
    __aeabi_f2iz                             0x0800064b   Thumb Code    50  ffixi.o(.text)
    __aeabi_f2uiz                            0x0800067d   Thumb Code    40  ffixui.o(.text)
    __aeabi_f2d                              0x080006a5   Thumb Code    38  f2d.o(.text)
    __aeabi_cdcmpeq                          0x080006cd   Thumb Code     0  cdcmple.o(.text)
    __aeabi_cdcmple                          0x080006cd   Thumb Code    48  cdcmple.o(.text)
    __aeabi_d2f                              0x080006fd   Thumb Code    56  d2f.o(.text)
    __aeabi_cfcmpeq                          0x08000735   Thumb Code     0  cfcmple.o(.text)
    __aeabi_cfcmple                          0x08000735   Thumb Code    20  cfcmple.o(.text)
    __aeabi_cfrcmple                         0x08000749   Thumb Code    20  cfrcmple.o(.text)
    __aeabi_llsl                             0x0800075d   Thumb Code    30  llshl.o(.text)
    _ll_shift_l                              0x0800075d   Thumb Code     0  llshl.o(.text)
    __aeabi_lasr                             0x0800077b   Thumb Code    36  llsshr.o(.text)
    _ll_sshift_r                             0x0800077b   Thumb Code     0  llsshr.o(.text)
    __I$use$fp                               0x0800079f   Thumb Code     0  iusefp.o(.text)
    _float_round                             0x0800079f   Thumb Code    18  fepilogue.o(.text)
    _float_epilogue                          0x080007b1   Thumb Code    92  fepilogue.o(.text)
    __ARM_scalbnf                            0x0800080d   Thumb Code    24  fscalb.o(.text)
    scalbnf                                  0x0800080d   Thumb Code     0  fscalb.o(.text)
    _frnd                                    0x08000825   Thumb Code    60  frnd.o(.text)
    _double_round                            0x08000861   Thumb Code    30  depilogue.o(.text)
    _double_epilogue                         0x0800087f   Thumb Code   156  depilogue.o(.text)
    __scatterload                            0x0800091d   Thumb Code    28  init.o(.text)
    __scatterload_rt2                        0x0800091d   Thumb Code     0  init.o(.text)
    __aeabi_llsr                             0x08000941   Thumb Code    32  llushr.o(.text)
    _ll_ushift_r                             0x08000941   Thumb Code     0  llushr.o(.text)
    _fsqrt                                   0x08000961   Thumb Code    94  fsqrt.o(.text)
    __decompress                             0x080009bf   Thumb Code     0  __dczerorl2.o(.text)
    __decompress1                            0x080009bf   Thumb Code    86  __dczerorl2.o(.text)
    ADC_Cmd                                  0x08000a15   Thumb Code    22  stm32f10x_adc.o(i.ADC_Cmd)
    ADC_Init                                 0x08000a2d   Thumb Code    70  stm32f10x_adc.o(i.ADC_Init)
    ADC_RegularChannelConfig                 0x08000a7d   Thumb Code   184  stm32f10x_adc.o(i.ADC_RegularChannelConfig)
    ANO_DT_Data_Exchange                     0x08000b35   Thumb Code   776  ano_dt.o(i.ANO_DT_Data_Exchange)
    ANO_DT_Data_Receive_Anl                  0x08000eb1   Thumb Code  1280  ano_dt.o(i.ANO_DT_Data_Receive_Anl)
    ANO_DT_Data_Receive_Prepare              0x080013bd   Thumb Code   216  ano_dt.o(i.ANO_DT_Data_Receive_Prepare)
    ANO_DT_Send_Data                         0x080014ed   Thumb Code    16  ano_dt.o(i.ANO_DT_Send_Data)
    ANO_DT_Send_PID                          0x080014fd   Thumb Code   514  ano_dt.o(i.ANO_DT_Send_PID)
    ANO_DT_Send_Power                        0x08001709   Thumb Code   142  ano_dt.o(i.ANO_DT_Send_Power)
    ANO_DT_Send_Senser                       0x0800179d   Thumb Code   374  ano_dt.o(i.ANO_DT_Send_Senser)
    ANO_DT_Send_Status                       0x08001919   Thumb Code   318  ano_dt.o(i.ANO_DT_Send_Status)
    BATT_Alarm_LED                           0x08001a61   Thumb Code    38  led.o(i.BATT_Alarm_LED)
    BATT_Init                                0x08001a91   Thumb Code   104  power.o(i.BATT_Init)
    Button_command                           0x08001b01   Thumb Code   168  remotedata.o(i.Button_command)
    Control                                  0x08001bb5   Thumb Code   538  control.o(i.Control)
    Data_Send_AngleRate                      0x08001e11   Thumb Code   566  ano_dt.o(i.Data_Send_AngleRate)
    DefaultParams                            0x0800204d   Thumb Code   116  paramsave.o(i.DefaultParams)
    DefaultParams_WriteFlash                 0x080020c5   Thumb Code    50  paramsave.o(i.DefaultParams_WriteFlash)
    Delay_Init                               0x08002101   Thumb Code    50  delay.o(i.Delay_Init)
    Delay_ms                                 0x08002145   Thumb Code    66  delay.o(i.Delay_ms)
    Delay_us                                 0x0800218d   Thumb Code    66  delay.o(i.Delay_us)
    EXTI2_IRQHandler                         0x080021d5   Thumb Code   120  stm32f10x_it.o(i.EXTI2_IRQHandler)
    EXTI_ClearITPendingBit                   0x08002255   Thumb Code     6  stm32f10x_exti.o(i.EXTI_ClearITPendingBit)
    EXTI_GetITStatus                         0x08002261   Thumb Code    34  stm32f10x_exti.o(i.EXTI_GetITStatus)
    EXTI_Init                                0x08002289   Thumb Code   142  stm32f10x_exti.o(i.EXTI_Init)
    Exit_Init                                0x0800231d   Thumb Code    74  exit.o(i.Exit_Init)
    FLASH_ErasePage                          0x0800236d   Thumb Code    72  stm32f10x_flash.o(i.FLASH_ErasePage)
    FLASH_GetBank1Status                     0x080023b9   Thumb Code    48  stm32f10x_flash.o(i.FLASH_GetBank1Status)
    FLASH_Lock                               0x080023ed   Thumb Code    14  stm32f10x_flash.o(i.FLASH_Lock)
    FLASH_ProgramWord                        0x08002401   Thumb Code   102  stm32f10x_flash.o(i.FLASH_ProgramWord)
    FLASH_Unlock                             0x0800246d   Thumb Code    12  stm32f10x_flash.o(i.FLASH_Unlock)
    FLASH_WaitForLastOperation               0x08002485   Thumb Code    38  stm32f10x_flash.o(i.FLASH_WaitForLastOperation)
    FindPos                                  0x080024ab   Thumb Code    90  filter.o(i.FindPos)
    GPIO_EXTILineConfig                      0x08002505   Thumb Code    60  stm32f10x_gpio.o(i.GPIO_EXTILineConfig)
    GPIO_Init                                0x08002545   Thumb Code   278  stm32f10x_gpio.o(i.GPIO_Init)
    GPIO_ResetBits                           0x0800265b   Thumb Code     4  stm32f10x_gpio.o(i.GPIO_ResetBits)
    GPIO_SetBits                             0x0800265f   Thumb Code     4  stm32f10x_gpio.o(i.GPIO_SetBits)
    IIC_Ack                                  0x08002665   Thumb Code    46  iic.o(i.IIC_Ack)
    IIC_GPIO_Init                            0x08002699   Thumb Code    46  iic.o(i.IIC_GPIO_Init)
    IIC_NAck                                 0x080026cd   Thumb Code    48  iic.o(i.IIC_NAck)
    IIC_ReadByte                             0x08002701   Thumb Code    84  iic.o(i.IIC_ReadByte)
    IIC_ReadByteFromSlave                    0x08002759   Thumb Code    74  iic.o(i.IIC_ReadByteFromSlave)
    IIC_ReadMultByteFromSlave                0x080027a3   Thumb Code   114  iic.o(i.IIC_ReadMultByteFromSlave)
    IIC_SendByte                             0x08002815   Thumb Code    86  iic.o(i.IIC_SendByte)
    IIC_Start                                0x08002871   Thumb Code    46  iic.o(i.IIC_Start)
    IIC_Stop                                 0x080028a5   Thumb Code    42  iic.o(i.IIC_Stop)
    IIC_WaitAck                              0x080028d5   Thumb Code    76  iic.o(i.IIC_WaitAck)
    IIC_WriteByteToSlave                     0x08002925   Thumb Code    70  iic.o(i.IIC_WriteByteToSlave)
    IMUupdate                                0x0800296d   Thumb Code  1662  imu.o(i.IMUupdate)
    KalmanFilter_Init                        0x0800301d   Thumb Code    58  kalman.o(i.KalmanFilter_Init)
    KalmanFilter_Update                      0x08003065   Thumb Code   310  kalman.o(i.KalmanFilter_Update)
    Kalman_Calculate                         0x0800319d   Thumb Code   118  kalman.o(i.Kalman_Calculate)
    Kalman_Init                              0x08003245   Thumb Code    12  kalman.o(i.Kalman_Init)
    LED_Init                                 0x08003259   Thumb Code    60  led.o(i.LED_Init)
    LED_Run                                  0x08003299   Thumb Code    42  led.o(i.LED_Run)
    MOTOR_Init                               0x080032cd   Thumb Code   268  motor.o(i.MOTOR_Init)
    MPU6050_Check                            0x080033e5   Thumb Code    24  mpu6050.o(i.MPU6050_Check)
    MPU6050_GyroRead                         0x08003419   Thumb Code    68  mpu6050.o(i.MPU6050_GyroRead)
    MPU6050_Init                             0x0800345d   Thumb Code    78  mpu6050.o(i.MPU6050_Init)
    MPU6050_OffSet                           0x080034ad   Thumb Code   176  mpu6050.o(i.MPU6050_OffSet)
    MPU6050_Offset                           0x0800356d   Thumb Code   232  mpu6050.o(i.MPU6050_Offset)
    MPU6050_Read                             0x08003671   Thumb Code    14  mpu6050.o(i.MPU6050_Read)
    MPU6050_ReadByte                         0x08003685   Thumb Code    26  mpu6050.o(i.MPU6050_ReadByte)
    MPU6050_ReadMultBytes                    0x0800369f   Thumb Code    30  mpu6050.o(i.MPU6050_ReadMultBytes)
    MPU6050_WriteByte                        0x080036bd   Thumb Code    26  mpu6050.o(i.MPU6050_WriteByte)
    MPU6050_getDeviceID                      0x080036d7   Thumb Code    16  mpu6050.o(i.MPU6050_getDeviceID)
    MPU6050_testConnection                   0x080036e7   Thumb Code    18  mpu6050.o(i.MPU6050_testConnection)
    Moto_Pwm                                 0x080036f9   Thumb Code    84  motor.o(i.Moto_Pwm)
    NVIC_Init                                0x08003751   Thumb Code   100  misc.o(i.NVIC_Init)
    NVIC_PriorityGroupConfig                 0x080037c1   Thumb Code    10  misc.o(i.NVIC_PriorityGroupConfig)
    NvicConfig                               0x080037d5   Thumb Code    94  nvic.o(i.NvicConfig)
    PID_Postion_Cal                          0x08003835   Thumb Code   214  pid.o(i.PID_Postion_Cal)
    PID_ReadFlash                            0x08003915   Thumb Code    94  paramsave.o(i.PID_ReadFlash)
    PID_WriteFlash                           0x08003995   Thumb Code    50  paramsave.o(i.PID_WriteFlash)
    ParamsToTable                            0x080039d1   Thumb Code   528  paramsave.o(i.ParamsToTable)
    PidParameter_init                        0x08003c15   Thumb Code   124  pid.o(i.PidParameter_init)
    Prepare_Data                             0x08003cc5   Thumb Code   466  imu.o(i.Prepare_Data)
    QuiteSort                                0x08003ed1   Thumb Code    56  filter.o(i.QuiteSort)
    RCC_ADCCLKConfig                         0x08003f09   Thumb Code    18  stm32f10x_rcc.o(i.RCC_ADCCLKConfig)
    RCC_APB1PeriphClockCmd                   0x08003f21   Thumb Code    26  stm32f10x_rcc.o(i.RCC_APB1PeriphClockCmd)
    RCC_APB2PeriphClockCmd                   0x08003f41   Thumb Code    26  stm32f10x_rcc.o(i.RCC_APB2PeriphClockCmd)
    RCC_GetClocksFreq                        0x08003f61   Thumb Code   192  stm32f10x_rcc.o(i.RCC_GetClocksFreq)
    RGB_LED_FLY                              0x08004035   Thumb Code    42  led.o(i.RGB_LED_FLY)
    RGB_LED_Off                              0x0800405f   Thumb Code    26  led.o(i.RGB_LED_Off)
    RGB_LED_Red                              0x08004079   Thumb Code    26  led.o(i.RGB_LED_Red)
    RGB_LED_Runing                           0x08004095   Thumb Code   164  led.o(i.RGB_LED_Runing)
    RGB_LED_green                            0x08004149   Thumb Code    26  led.o(i.RGB_LED_green)
    RGB_WByte                                0x08004163   Thumb Code    40  led.o(i.RGB_WByte)
    Remote_Data_ReceiveAnalysis              0x0800418d   Thumb Code   132  remotedata.o(i.Remote_Data_ReceiveAnalysis)
    SDA_IN                                   0x08004221   Thumb Code    32  iic.o(i.SDA_IN)
    SDA_OUT                                  0x08004245   Thumb Code    38  iic.o(i.SDA_OUT)
    SI24R1_Check                             0x08004271   Thumb Code    24  si24r1.o(i.SI24R1_Check)
    SI24R1_Config                            0x080042a5   Thumb Code   124  si24r1.o(i.SI24R1_Config)
    SI24R1_GetAddr                           0x0800432d   Thumb Code    78  si24r1.o(i.SI24R1_GetAddr)
    SI24R1_Init                              0x08004389   Thumb Code   128  si24r1.o(i.SI24R1_Init)
    SI24R1_Read_Buf                          0x08004411   Thumb Code    72  si24r1.o(i.SI24R1_Read_Buf)
    SI24R1_RxPacket                          0x0800445d   Thumb Code    52  si24r1.o(i.SI24R1_RxPacket)
    SI24R1_SingalCheck                       0x08004495   Thumb Code    62  remotedata.o(i.SI24R1_SingalCheck)
    SI24R1_TxPacket                          0x080044e9   Thumb Code    86  si24r1.o(i.SI24R1_TxPacket)
    SI24R1_Write_Buf                         0x08004549   Thumb Code    70  si24r1.o(i.SI24R1_Write_Buf)
    SI24R1_read_reg                          0x08004595   Thumb Code    50  si24r1.o(i.SI24R1_read_reg)
    SI24R1_testConnection                    0x080045cd   Thumb Code    66  si24r1.o(i.SI24R1_testConnection)
    SI24R1_write_reg                         0x08004619   Thumb Code    52  si24r1.o(i.SI24R1_write_reg)
    SI24R1set_Mode                           0x08004651   Thumb Code   106  si24r1.o(i.SI24R1set_Mode)
    SPI2_WriteReadByte                       0x080046c1   Thumb Code    50  spi.o(i.SPI2_WriteReadByte)
    SPI_Cmd                                  0x080046f9   Thumb Code    24  stm32f10x_spi.o(i.SPI_Cmd)
    SPI_GPIO_Init                            0x08004711   Thumb Code   120  spi.o(i.SPI_GPIO_Init)
    SPI_I2S_GetFlagStatus                    0x08004791   Thumb Code    18  stm32f10x_spi.o(i.SPI_I2S_GetFlagStatus)
    SPI_I2S_ReceiveData                      0x080047a3   Thumb Code     6  stm32f10x_spi.o(i.SPI_I2S_ReceiveData)
    SPI_I2S_SendData                         0x080047a9   Thumb Code     4  stm32f10x_spi.o(i.SPI_I2S_SendData)
    SPI_Init                                 0x080047ad   Thumb Code    60  stm32f10x_spi.o(i.SPI_Init)
    STMFLASH_Read                            0x080047e9   Thumb Code    32  flash.o(i.STMFLASH_Read)
    STMFLASH_ReadWord                        0x08004809   Thumb Code     6  flash.o(i.STMFLASH_ReadWord)
    STMFLASH_Write                           0x08004811   Thumb Code   126  flash.o(i.STMFLASH_Write)
    SendToRemote                             0x08004899   Thumb Code   244  remotedata.o(i.SendToRemote)
    SortAver_FilterXYZ                       0x08004a95   Thumb Code   264  filter.o(i.SortAver_FilterXYZ)
    SysTick_CLKSourceConfig                  0x08004bb1   Thumb Code    40  misc.o(i.SysTick_CLKSourceConfig)
    SystemInit                               0x08004bd9   Thumb Code    78  system_stm32f10x.o(i.SystemInit)
    System_Init                              0x08004c39   Thumb Code    82  system.o(i.System_Init)
    TIM4_IRQHandler                          0x08004ca1   Thumb Code   216  stm32f10x_it.o(i.TIM4_IRQHandler)
    TIM_ClearITPendingBit                    0x08004db1   Thumb Code     6  stm32f10x_tim.o(i.TIM_ClearITPendingBit)
    TIM_Cmd                                  0x08004db7   Thumb Code    24  stm32f10x_tim.o(i.TIM_Cmd)
    TIM_GetITStatus                          0x08004dcf   Thumb Code    34  stm32f10x_tim.o(i.TIM_GetITStatus)
    TIM_ITConfig                             0x08004df1   Thumb Code    18  stm32f10x_tim.o(i.TIM_ITConfig)
    TIM_Init                                 0x08004e05   Thumb Code    60  tim.o(i.TIM_Init)
    TIM_OC1Init                              0x08004e45   Thumb Code   132  stm32f10x_tim.o(i.TIM_OC1Init)
    TIM_OC1PreloadConfig                     0x08004edd   Thumb Code    18  stm32f10x_tim.o(i.TIM_OC1PreloadConfig)
    TIM_OC2Init                              0x08004ef1   Thumb Code   154  stm32f10x_tim.o(i.TIM_OC2Init)
    TIM_OC2PreloadConfig                     0x08004f95   Thumb Code    26  stm32f10x_tim.o(i.TIM_OC2PreloadConfig)
    TIM_OC3Init                              0x08004fb1   Thumb Code   150  stm32f10x_tim.o(i.TIM_OC3Init)
    TIM_OC3PreloadConfig                     0x08005051   Thumb Code    18  stm32f10x_tim.o(i.TIM_OC3PreloadConfig)
    TIM_OC4Init                              0x08005065   Thumb Code   114  stm32f10x_tim.o(i.TIM_OC4Init)
    TIM_OC4PreloadConfig                     0x080050e1   Thumb Code    26  stm32f10x_tim.o(i.TIM_OC4PreloadConfig)
    TIM_TimeBaseInit                         0x080050fd   Thumb Code   122  stm32f10x_tim.o(i.TIM_TimeBaseInit)
    TableToParams                            0x080051a1   Thumb Code   546  paramsave.o(i.TableToParams)
    Task_Schedule                            0x080053f9   Thumb Code   144  system.o(i.Task_Schedule)
    USART1_IRQHandler                        0x080054b9   Thumb Code    70  stm32f10x_it.o(i.USART1_IRQHandler)
    USART_ClearITPendingBit                  0x08005505   Thumb Code    30  stm32f10x_usart.o(i.USART_ClearITPendingBit)
    USART_Cmd                                0x08005523   Thumb Code    24  stm32f10x_usart.o(i.USART_Cmd)
    USART_GetFlagStatus                      0x0800553b   Thumb Code    26  stm32f10x_usart.o(i.USART_GetFlagStatus)
    USART_GetITStatus                        0x08005555   Thumb Code    84  stm32f10x_usart.o(i.USART_GetITStatus)
    USART_ITConfig                           0x080055a9   Thumb Code    74  stm32f10x_usart.o(i.USART_ITConfig)
    USART_Init                               0x080055f5   Thumb Code   210  stm32f10x_usart.o(i.USART_Init)
    USART_SendData                           0x080056cd   Thumb Code     8  stm32f10x_usart.o(i.USART_SendData)
    USART_init                               0x080056d5   Thumb Code   142  usart.o(i.USART_init)
    UnControl_Land                           0x0800576d   Thumb Code    26  remotedata.o(i.UnControl_Land)
    Write0                                   0x0800578d   Thumb Code   106  led.o(i.Write0)
    Write1                                   0x080057fd   Thumb Code   114  led.o(i.Write1)
    Write24Bit                               0x08005875   Thumb Code    28  led.o(i.Write24Bit)
    Yaw_Carefree                             0x08005891   Thumb Code   124  control.o(i.Yaw_Carefree)
    __0printf$bare                           0x08005911   Thumb Code     8  printfb.o(i.__0printf$bare)
    __1printf$bare                           0x08005911   Thumb Code     0  printfb.o(i.__0printf$bare)
    __2printf                                0x08005911   Thumb Code     0  printfb.o(i.__0printf$bare)
    __ARM_fpclassifyf                        0x08005921   Thumb Code    38  fpclassifyf.o(i.__ARM_fpclassifyf)
    __mathlib_flt_infnan                     0x08005947   Thumb Code     6  funder.o(i.__mathlib_flt_infnan)
    __mathlib_flt_infnan2                    0x0800594d   Thumb Code     4  funder.o(i.__mathlib_flt_infnan2)
    __mathlib_flt_invalid                    0x08005951   Thumb Code     8  funder.o(i.__mathlib_flt_invalid)
    __mathlib_flt_underflow                  0x08005959   Thumb Code    10  funder.o(i.__mathlib_flt_underflow)
    __mathlib_rredf2                         0x08005965   Thumb Code   344  rredf.o(i.__mathlib_rredf2)
    __scatterload_copy                       0x08005acd   Thumb Code    14  handlers.o(i.__scatterload_copy)
    __scatterload_null                       0x08005adb   Thumb Code     2  handlers.o(i.__scatterload_null)
    __scatterload_zeroinit                   0x08005add   Thumb Code    14  handlers.o(i.__scatterload_zeroinit)
    __set_errno                              0x08005aed   Thumb Code     6  errno.o(i.__set_errno)
    asinf                                    0x08005b1d   Thumb Code   254  asinf.o(i.asinf)
    atan2f                                   0x08005c41   Thumb Code   528  atan2f.o(i.atan2f)
    cosf                                     0x08005e9d   Thumb Code   328  cosf.o(i.cosf)
    fputc                                    0x08006019   Thumb Code    32  usart.o(i.fputc)
    main                                     0x08006089   Thumb Code    20  main.o(i.main)
    sinf                                     0x0800609d   Thumb Code   338  sinf.o(i.sinf)
    sqrtf                                    0x08006225   Thumb Code    44  sqrtf.o(i.sqrtf)
    usart_send                               0x08006251   Thumb Code    42  usart.o(i.usart_send)
    Region$$Table$$Base                      0x080062c4   Number         0  anon$$obj.o(Region$$Table)
    Region$$Table$$Limit                     0x080062e4   Number         0  anon$$obj.o(Region$$Table)
    LED_Scan                                 0x20000000   Data           1  stm32f10x_it.o(.data)
    IMU_Scan                                 0x20000001   Data           1  stm32f10x_it.o(.data)
    MPU_Scan                                 0x20000002   Data           1  stm32f10x_it.o(.data)
    IRQ_Scan                                 0x20000003   Data           1  stm32f10x_it.o(.data)
    Batt_Scan                                0x20000004   Data           1  stm32f10x_it.o(.data)
    ANO_Scan                                 0x20000005   Data           1  stm32f10x_it.o(.data)
    ms2                                      0x20000006   Data           2  stm32f10x_it.o(.data)
    ms5                                      0x20000008   Data           2  stm32f10x_it.o(.data)
    ms10                                     0x2000000a   Data           2  stm32f10x_it.o(.data)
    ms100                                    0x2000000c   Data           2  stm32f10x_it.o(.data)
    ms200                                    0x2000000e   Data           2  stm32f10x_it.o(.data)
    ms400                                    0x20000010   Data           2  stm32f10x_it.o(.data)
    ms_count                                 0x20000012   Data           2  stm32f10x_it.o(.data)
    imu_task_count                           0x20000014   Data           2  system.o(.data)
    Run_flag                                 0x200001d8   Data           1  led.o(.data)
    BAT                                      0x200001e4   Data          20  power.o(.data)
    BATT_LEDflag                             0x200001f8   Data           1  power.o(.data)
    SI24R1addr                               0x200001fb   Data           1  si24r1.o(.data)
    TX_ADDRESS                               0x200001fc   Data           5  si24r1.o(.data)
    RX_ADDRESS                               0x20000201   Data           5  si24r1.o(.data)
    GYRO_OFFSET_RAW                          0x20000208   Data           6  mpu6050.o(.data)
    ACC_OFFSET_RAW                           0x2000020e   Data           6  mpu6050.o(.data)
    MPU6050_ACC_RAW                          0x20000214   Data           6  mpu6050.o(.data)
    MPU6050_GYRO_RAW                         0x2000021a   Data           6  mpu6050.o(.data)
    SENSER_OFFSET_FLAG                       0x20000220   Data           1  mpu6050.o(.data)
    AccbUpdate                               0x2000024c   Data           1  imu.o(.data)
    q0                                       0x20000250   Data           4  imu.o(.data)
    q1                                       0x20000254   Data           4  imu.o(.data)
    q2                                       0x20000258   Data           4  imu.o(.data)
    q3                                       0x2000025c   Data           4  imu.o(.data)
    exInt                                    0x20000260   Data           4  imu.o(.data)
    eyInt                                    0x20000264   Data           4  imu.o(.data)
    ezInt                                    0x20000268   Data           4  imu.o(.data)
    AccX                                     0x20000270   Data           2  kalman.o(.data)
    AccY                                     0x20000272   Data           2  kalman.o(.data)
    AccZ                                     0x20000274   Data           2  kalman.o(.data)
    GYROX                                    0x20000276   Data           2  kalman.o(.data)
    GYROY                                    0x20000278   Data           2  kalman.o(.data)
    GYROZ                                    0x2000027a   Data           2  kalman.o(.data)
    gyroXrate                                0x2000027c   Data           4  kalman.o(.data)
    gyroYrate                                0x20000280   Data           4  kalman.o(.data)
    accPitch                                 0x20000284   Data           4  kalman.o(.data)
    accRoll                                  0x20000288   Data           4  kalman.o(.data)
    pitch                                    0x2000028c   Data           4  kalman.o(.data)
    roll                                     0x20000290   Data           4  kalman.o(.data)
    Pre_THROTTLE                             0x20000294   Data           4  control.o(.data)
    THROTTLE                                 0x20000298   Data           4  control.o(.data)
    Moto_PWM_1                               0x2000029c   Data           4  control.o(.data)
    Moto_PWM_2                               0x200002a0   Data           4  control.o(.data)
    Moto_PWM_3                               0x200002a4   Data           4  control.o(.data)
    Moto_PWM_4                               0x200002a8   Data           4  control.o(.data)
    SI24R1_Controlflag                       0x200002ac   Data           1  control.o(.data)
    Airplane_Enable                          0x200002ad   Data           1  control.o(.data)
    flag                                     0x200002b0   Data           1  ano_dt.o(.data)
    DataID                                   0x200002ba   Data           1  remotedata.o(.data)
    RC_Control                               0x200002bc   Data           8  remotedata.o(.data)
    SystemCoreClock                          0x200002dc   Data           4  system_stm32f10x.o(.data)
    AHBPrescTable                            0x200002e0   Data          16  system_stm32f10x.o(.data)
    __stdout                                 0x200002f4   Data           4  stdout.o(.data)
    SI24R1_TX_DATA                           0x200002fc   Data          32  si24r1.o(.bss)
    SI24R1_RX_DATA                           0x2000031c   Data          32  si24r1.o(.bss)
    FBM                                      0x2000033c   Data          64  fbm320.o(.bss)
    Att_Angle                                0x2000088c   Data          12  imu.o(.bss)
    Gyr_rad                                  0x20000898   Data          12  imu.o(.bss)
    Gyr_radold                               0x200008a4   Data          12  imu.o(.bss)
    Acc_filt                                 0x200008b0   Data          12  imu.o(.bss)
    Gry_filt                                 0x200008bc   Data          12  imu.o(.bss)
    Acc_filtold                              0x200008c8   Data          12  imu.o(.bss)
    accb                                     0x200008d4   Data          12  imu.o(.bss)
    DCMgb                                    0x200008e0   Data          36  imu.o(.bss)
    kf_pitch                                 0x20000904   Data          40  kalman.o(.bss)
    kf_roll                                  0x2000092c   Data          40  kalman.o(.bss)
    PID_ROL_Angle                            0x20000954   Data          60  control.o(.bss)
    PID_PIT_Angle                            0x20000990   Data          60  control.o(.bss)
    PID_YAW_Angle                            0x200009cc   Data          60  control.o(.bss)
    PID_ROL_Rate                             0x20000a08   Data          60  control.o(.bss)
    PID_PIT_Rate                             0x20000a44   Data          60  control.o(.bss)
    PID_YAW_Rate                             0x20000a80   Data          60  control.o(.bss)
    PID_ALT_Rate                             0x20000abc   Data          60  control.o(.bss)
    PID_ALT                                  0x20000af8   Data          60  control.o(.bss)
    PIDflash                                 0x20000b34   Data          62  paramsave.o(.bss)
    f                                        0x20000b72   Data          10  ano_dt.o(.bss)
    data_to_send                             0x20000b7c   Data          50  ano_dt.o(.bss)
    __initial_sp                             0x20000fe0   Data           0  startup_stm32f10x_md.o(STACK)



==============================================================================

Memory Map of the image

  Image Entry point : 0x080000ed

  Load Region LR_IROM1 (Base: 0x08000000, Size: 0x000065e0, Max: 0x00010000, ABSOLUTE, COMPRESSED[0x0000634c])

    Execution Region ER_IROM1 (Exec base: 0x08000000, Load base: 0x08000000, Size: 0x000062e4, Max: 0x00010000, ABSOLUTE)

    Exec Addr    Load Addr    Size         Type   Attr      Idx    E Section Name        Object

    0x08000000   0x08000000   0x000000ec   Data   RO         3566    RESET               startup_stm32f10x_md.o
    0x080000ec   0x080000ec   0x00000000   Code   RO         3659  * .ARM.Collect$$$$00000000  mc_w.l(entry.o)
    0x080000ec   0x080000ec   0x00000004   Code   RO         3994    .ARM.Collect$$$$00000001  mc_w.l(entry2.o)
    0x080000f0   0x080000f0   0x00000004   Code   RO         3997    .ARM.Collect$$$$00000004  mc_w.l(entry5.o)
    0x080000f4   0x080000f4   0x00000000   Code   RO         3999    .ARM.Collect$$$$00000008  mc_w.l(entry7b.o)
    0x080000f4   0x080000f4   0x00000000   Code   RO         4001    .ARM.Collect$$$$0000000A  mc_w.l(entry8b.o)
    0x080000f4   0x080000f4   0x00000008   Code   RO         4002    .ARM.Collect$$$$0000000B  mc_w.l(entry9a.o)
    0x080000fc   0x080000fc   0x00000000   Code   RO         4004    .ARM.Collect$$$$0000000D  mc_w.l(entry10a.o)
    0x080000fc   0x080000fc   0x00000000   Code   RO         4006    .ARM.Collect$$$$0000000F  mc_w.l(entry11a.o)
    0x080000fc   0x080000fc   0x00000004   Code   RO         3995    .ARM.Collect$$$$00002712  mc_w.l(entry2.o)
    0x08000100   0x08000100   0x00000024   Code   RO         3567    .text               startup_stm32f10x_md.o
    0x08000124   0x08000124   0x00000024   Code   RO         3662    .text               mc_w.l(rand.o)
    0x08000148   0x08000148   0x00000024   Code   RO         3665    .text               mc_w.l(memcpya.o)
    0x0800016c   0x0800016c   0x000000b0   Code   RO         3929    .text               mf_w.l(fadd.o)
    0x0800021c   0x0800021c   0x00000064   Code   RO         3931    .text               mf_w.l(fmul.o)
    0x08000280   0x08000280   0x0000007c   Code   RO         3933    .text               mf_w.l(fdiv.o)
    0x080002fc   0x080002fc   0x0000014e   Code   RO         3935    .text               mf_w.l(dadd.o)
    0x0800044a   0x0800044a   0x000000e4   Code   RO         3937    .text               mf_w.l(dmul.o)
    0x0800052e   0x0800052e   0x000000de   Code   RO         3939    .text               mf_w.l(ddiv.o)
    0x0800060c   0x0800060c   0x00000012   Code   RO         3941    .text               mf_w.l(fflti.o)
    0x0800061e   0x0800061e   0x0000000a   Code   RO         3943    .text               mf_w.l(ffltui.o)
    0x08000628   0x08000628   0x00000022   Code   RO         3947    .text               mf_w.l(dflti.o)
    0x0800064a   0x0800064a   0x00000032   Code   RO         3949    .text               mf_w.l(ffixi.o)
    0x0800067c   0x0800067c   0x00000028   Code   RO         3951    .text               mf_w.l(ffixui.o)
    0x080006a4   0x080006a4   0x00000026   Code   RO         3955    .text               mf_w.l(f2d.o)
    0x080006ca   0x080006ca   0x00000002   PAD
    0x080006cc   0x080006cc   0x00000030   Code   RO         3957    .text               mf_w.l(cdcmple.o)
    0x080006fc   0x080006fc   0x00000038   Code   RO         3961    .text               mf_w.l(d2f.o)
    0x08000734   0x08000734   0x00000014   Code   RO         3963    .text               mf_w.l(cfcmple.o)
    0x08000748   0x08000748   0x00000014   Code   RO         3965    .text               mf_w.l(cfrcmple.o)
    0x0800075c   0x0800075c   0x0000001e   Code   RO         4013    .text               mc_w.l(llshl.o)
    0x0800077a   0x0800077a   0x00000024   Code   RO         4015    .text               mc_w.l(llsshr.o)
    0x0800079e   0x0800079e   0x00000000   Code   RO         4024    .text               mc_w.l(iusefp.o)
    0x0800079e   0x0800079e   0x0000006e   Code   RO         4025    .text               mf_w.l(fepilogue.o)
    0x0800080c   0x0800080c   0x00000018   Code   RO         4027    .text               mf_w.l(fscalb.o)
    0x08000824   0x08000824   0x0000003c   Code   RO         4029    .text               mf_w.l(frnd.o)
    0x08000860   0x08000860   0x000000ba   Code   RO         4031    .text               mf_w.l(depilogue.o)
    0x0800091a   0x0800091a   0x00000002   PAD
    0x0800091c   0x0800091c   0x00000024   Code   RO         4039    .text               mc_w.l(init.o)
    0x08000940   0x08000940   0x00000020   Code   RO         4041    .text               mc_w.l(llushr.o)
    0x08000960   0x08000960   0x0000005e   Code   RO         4043    .text               mf_w.l(fsqrt.o)
    0x080009be   0x080009be   0x00000056   Code   RO         4053    .text               mc_w.l(__dczerorl2.o)
    0x08000a14   0x08000a14   0x00000016   Code   RO         1841    i.ADC_Cmd           stm32f10x_adc.o
    0x08000a2a   0x08000a2a   0x00000002   PAD
    0x08000a2c   0x08000a2c   0x00000050   Code   RO         1859    i.ADC_Init          stm32f10x_adc.o
    0x08000a7c   0x08000a7c   0x000000b8   Code   RO         1863    i.ADC_RegularChannelConfig  stm32f10x_adc.o
    0x08000b34   0x08000b34   0x0000037c   Code   RO         1627    i.ANO_DT_Data_Exchange  ano_dt.o
    0x08000eb0   0x08000eb0   0x0000050c   Code   RO         1628    i.ANO_DT_Data_Receive_Anl  ano_dt.o
    0x080013bc   0x080013bc   0x000000e8   Code   RO         1629    i.ANO_DT_Data_Receive_Prepare  ano_dt.o
    0x080014a4   0x080014a4   0x00000048   Code   RO         1630    i.ANO_DT_Send_Check  ano_dt.o
    0x080014ec   0x080014ec   0x00000010   Code   RO         1631    i.ANO_DT_Send_Data  ano_dt.o
    0x080014fc   0x080014fc   0x0000020c   Code   RO         1633    i.ANO_DT_Send_PID   ano_dt.o
    0x08001708   0x08001708   0x00000094   Code   RO         1634    i.ANO_DT_Send_Power  ano_dt.o
    0x0800179c   0x0800179c   0x0000017c   Code   RO         1636    i.ANO_DT_Send_Senser  ano_dt.o
    0x08001918   0x08001918   0x00000148   Code   RO         1637    i.ANO_DT_Send_Status  ano_dt.o
    0x08001a60   0x08001a60   0x00000030   Code   RO          272    i.BATT_Alarm_LED    led.o
    0x08001a90   0x08001a90   0x00000070   Code   RO          599    i.BATT_Init         power.o
    0x08001b00   0x08001b00   0x000000b4   Code   RO         1732    i.Button_command    remotedata.o
    0x08001bb4   0x08001bb4   0x0000025c   Code   RO         1442    i.Control           control.o
    0x08001e10   0x08001e10   0x0000023c   Code   RO         1638    i.Data_Send_AngleRate  ano_dt.o
    0x0800204c   0x0800204c   0x00000078   Code   RO         1551    i.DefaultParams     paramsave.o
    0x080020c4   0x080020c4   0x0000003c   Code   RO         1552    i.DefaultParams_WriteFlash  paramsave.o
    0x08002100   0x08002100   0x00000044   Code   RO          560    i.Delay_Init        delay.o
    0x08002144   0x08002144   0x00000048   Code   RO          561    i.Delay_ms          delay.o
    0x0800218c   0x0800218c   0x00000048   Code   RO          562    i.Delay_us          delay.o
    0x080021d4   0x080021d4   0x00000080   Code   RO          164    i.EXTI2_IRQHandler  stm32f10x_it.o
    0x08002254   0x08002254   0x0000000c   Code   RO         2070    i.EXTI_ClearITPendingBit  stm32f10x_exti.o
    0x08002260   0x08002260   0x00000028   Code   RO         2074    i.EXTI_GetITStatus  stm32f10x_exti.o
    0x08002288   0x08002288   0x00000094   Code   RO         2075    i.EXTI_Init         stm32f10x_exti.o
    0x0800231c   0x0800231c   0x00000050   Code   RO          788    i.Exit_Init         exit.o
    0x0800236c   0x0800236c   0x0000004c   Code   RO         2140    i.FLASH_ErasePage   stm32f10x_flash.o
    0x080023b8   0x080023b8   0x00000034   Code   RO         2141    i.FLASH_GetBank1Status  stm32f10x_flash.o
    0x080023ec   0x080023ec   0x00000014   Code   RO         2150    i.FLASH_Lock        stm32f10x_flash.o
    0x08002400   0x08002400   0x0000006c   Code   RO         2155    i.FLASH_ProgramWord  stm32f10x_flash.o
    0x0800246c   0x0800246c   0x00000018   Code   RO         2158    i.FLASH_Unlock      stm32f10x_flash.o
    0x08002484   0x08002484   0x00000026   Code   RO         2162    i.FLASH_WaitForLastOperation  stm32f10x_flash.o
    0x080024aa   0x080024aa   0x0000005a   Code   RO         1203    i.FindPos           filter.o
    0x08002504   0x08002504   0x00000040   Code   RO         2324    i.GPIO_EXTILineConfig  stm32f10x_gpio.o
    0x08002544   0x08002544   0x00000116   Code   RO         2327    i.GPIO_Init         stm32f10x_gpio.o
    0x0800265a   0x0800265a   0x00000004   Code   RO         2334    i.GPIO_ResetBits    stm32f10x_gpio.o
    0x0800265e   0x0800265e   0x00000004   Code   RO         2335    i.GPIO_SetBits      stm32f10x_gpio.o
    0x08002662   0x08002662   0x00000002   PAD
    0x08002664   0x08002664   0x00000034   Code   RO          653    i.IIC_Ack           iic.o
    0x08002698   0x08002698   0x00000034   Code   RO          654    i.IIC_GPIO_Init     iic.o
    0x080026cc   0x080026cc   0x00000034   Code   RO          655    i.IIC_NAck          iic.o
    0x08002700   0x08002700   0x00000058   Code   RO          656    i.IIC_ReadByte      iic.o
    0x08002758   0x08002758   0x0000004a   Code   RO          657    i.IIC_ReadByteFromSlave  iic.o
    0x080027a2   0x080027a2   0x00000072   Code   RO          658    i.IIC_ReadMultByteFromSlave  iic.o
    0x08002814   0x08002814   0x0000005c   Code   RO          659    i.IIC_SendByte      iic.o
    0x08002870   0x08002870   0x00000034   Code   RO          660    i.IIC_Start         iic.o
    0x080028a4   0x080028a4   0x00000030   Code   RO          661    i.IIC_Stop          iic.o
    0x080028d4   0x080028d4   0x00000050   Code   RO          662    i.IIC_WaitAck       iic.o
    0x08002924   0x08002924   0x00000046   Code   RO          663    i.IIC_WriteByteToSlave  iic.o
    0x0800296a   0x0800296a   0x00000002   PAD
    0x0800296c   0x0800296c   0x000006b0   Code   RO         1292    i.IMUupdate         imu.o
    0x0800301c   0x0800301c   0x00000048   Code   RO         1343    i.KalmanFilter_Init  kalman.o
    0x08003064   0x08003064   0x00000136   Code   RO         1344    i.KalmanFilter_Update  kalman.o
    0x0800319a   0x0800319a   0x00000002   PAD
    0x0800319c   0x0800319c   0x000000a8   Code   RO         1345    i.Kalman_Calculate  kalman.o
    0x08003244   0x08003244   0x00000014   Code   RO         1346    i.Kalman_Init       kalman.o
    0x08003258   0x08003258   0x00000040   Code   RO          274    i.LED_Init          led.o
    0x08003298   0x08003298   0x00000034   Code   RO          275    i.LED_Run           led.o
    0x080032cc   0x080032cc   0x00000118   Code   RO          927    i.MOTOR_Init        motor.o
    0x080033e4   0x080033e4   0x00000034   Code   RO         1071    i.MPU6050_Check     mpu6050.o
    0x08003418   0x08003418   0x00000044   Code   RO         1072    i.MPU6050_GyroRead  mpu6050.o
    0x0800345c   0x0800345c   0x0000004e   Code   RO         1073    i.MPU6050_Init      mpu6050.o
    0x080034aa   0x080034aa   0x00000002   PAD
    0x080034ac   0x080034ac   0x000000c0   Code   RO         1074    i.MPU6050_OffSet    mpu6050.o
    0x0800356c   0x0800356c   0x00000104   Code   RO         1075    i.MPU6050_Offset    mpu6050.o
    0x08003670   0x08003670   0x00000014   Code   RO         1076    i.MPU6050_Read      mpu6050.o
    0x08003684   0x08003684   0x0000001a   Code   RO         1077    i.MPU6050_ReadByte  mpu6050.o
    0x0800369e   0x0800369e   0x0000001e   Code   RO         1078    i.MPU6050_ReadMultBytes  mpu6050.o
    0x080036bc   0x080036bc   0x0000001a   Code   RO         1080    i.MPU6050_WriteByte  mpu6050.o
    0x080036d6   0x080036d6   0x00000010   Code   RO         1082    i.MPU6050_getDeviceID  mpu6050.o
    0x080036e6   0x080036e6   0x00000012   Code   RO         1083    i.MPU6050_testConnection  mpu6050.o
    0x080036f8   0x080036f8   0x00000058   Code   RO          928    i.Moto_Pwm          motor.o
    0x08003750   0x08003750   0x00000070   Code   RO         1787    i.NVIC_Init         misc.o
    0x080037c0   0x080037c0   0x00000014   Code   RO         1788    i.NVIC_PriorityGroupConfig  misc.o
    0x080037d4   0x080037d4   0x0000005e   Code   RO          458    i.NvicConfig        nvic.o
    0x08003832   0x08003832   0x00000002   PAD
    0x08003834   0x08003834   0x000000e0   Code   RO         1399    i.PID_Postion_Cal   pid.o
    0x08003914   0x08003914   0x00000080   Code   RO         1554    i.PID_ReadFlash     paramsave.o
    0x08003994   0x08003994   0x0000003c   Code   RO         1555    i.PID_WriteFlash    paramsave.o
    0x080039d0   0x080039d0   0x00000244   Code   RO         1557    i.ParamsToTable     paramsave.o
    0x08003c14   0x08003c14   0x000000b0   Code   RO         1400    i.PidParameter_init  pid.o
    0x08003cc4   0x08003cc4   0x0000020c   Code   RO         1293    i.Prepare_Data      imu.o
    0x08003ed0   0x08003ed0   0x00000038   Code   RO         1205    i.QuiteSort         filter.o
    0x08003f08   0x08003f08   0x00000018   Code   RO         2447    i.RCC_ADCCLKConfig  stm32f10x_rcc.o
    0x08003f20   0x08003f20   0x00000020   Code   RO         2449    i.RCC_APB1PeriphClockCmd  stm32f10x_rcc.o
    0x08003f40   0x08003f40   0x00000020   Code   RO         2451    i.RCC_APB2PeriphClockCmd  stm32f10x_rcc.o
    0x08003f60   0x08003f60   0x000000d4   Code   RO         2459    i.RCC_GetClocksFreq  stm32f10x_rcc.o
    0x08004034   0x08004034   0x0000002a   Code   RO          278    i.RGB_LED_FLY       led.o
    0x0800405e   0x0800405e   0x0000001a   Code   RO          279    i.RGB_LED_Off       led.o
    0x08004078   0x08004078   0x0000001a   Code   RO          282    i.RGB_LED_Red       led.o
    0x08004092   0x08004092   0x00000002   PAD
    0x08004094   0x08004094   0x000000b4   Code   RO          283    i.RGB_LED_Runing    led.o
    0x08004148   0x08004148   0x0000001a   Code   RO          287    i.RGB_LED_green     led.o
    0x08004162   0x08004162   0x00000028   Code   RO          288    i.RGB_WByte         led.o
    0x0800418a   0x0800418a   0x00000002   PAD
    0x0800418c   0x0800418c   0x00000094   Code   RO         1733    i.Remote_Data_ReceiveAnalysis  remotedata.o
    0x08004220   0x08004220   0x00000024   Code   RO          665    i.SDA_IN            iic.o
    0x08004244   0x08004244   0x0000002c   Code   RO          666    i.SDA_OUT           iic.o
    0x08004270   0x08004270   0x00000034   Code   RO          815    i.SI24R1_Check      si24r1.o
    0x080042a4   0x080042a4   0x00000088   Code   RO          816    i.SI24R1_Config     si24r1.o
    0x0800432c   0x0800432c   0x0000005c   Code   RO          817    i.SI24R1_GetAddr    si24r1.o
    0x08004388   0x08004388   0x00000088   Code   RO          818    i.SI24R1_Init       si24r1.o
    0x08004410   0x08004410   0x0000004c   Code   RO          819    i.SI24R1_Read_Buf   si24r1.o
    0x0800445c   0x0800445c   0x00000038   Code   RO          820    i.SI24R1_RxPacket   si24r1.o
    0x08004494   0x08004494   0x00000054   Code   RO         1734    i.SI24R1_SingalCheck  remotedata.o
    0x080044e8   0x080044e8   0x00000060   Code   RO          822    i.SI24R1_TxPacket   si24r1.o
    0x08004548   0x08004548   0x0000004c   Code   RO          823    i.SI24R1_Write_Buf  si24r1.o
    0x08004594   0x08004594   0x00000038   Code   RO          824    i.SI24R1_read_reg   si24r1.o
    0x080045cc   0x080045cc   0x0000004c   Code   RO          825    i.SI24R1_testConnection  si24r1.o
    0x08004618   0x08004618   0x00000038   Code   RO          826    i.SI24R1_write_reg  si24r1.o
    0x08004650   0x08004650   0x00000070   Code   RO          827    i.SI24R1set_Mode    si24r1.o
    0x080046c0   0x080046c0   0x00000038   Code   RO          758    i.SPI2_WriteReadByte  spi.o
    0x080046f8   0x080046f8   0x00000018   Code   RO         2664    i.SPI_Cmd           stm32f10x_spi.o
    0x08004710   0x08004710   0x00000080   Code   RO          759    i.SPI_GPIO_Init     spi.o
    0x08004790   0x08004790   0x00000012   Code   RO         2672    i.SPI_I2S_GetFlagStatus  stm32f10x_spi.o
    0x080047a2   0x080047a2   0x00000006   Code   RO         2675    i.SPI_I2S_ReceiveData  stm32f10x_spi.o
    0x080047a8   0x080047a8   0x00000004   Code   RO         2676    i.SPI_I2S_SendData  stm32f10x_spi.o
    0x080047ac   0x080047ac   0x0000003c   Code   RO         2677    i.SPI_Init          stm32f10x_spi.o
    0x080047e8   0x080047e8   0x00000020   Code   RO          482    i.STMFLASH_Read     flash.o
    0x08004808   0x08004808   0x00000006   Code   RO          483    i.STMFLASH_ReadWord  flash.o
    0x0800480e   0x0800480e   0x00000002   PAD
    0x08004810   0x08004810   0x00000088   Code   RO          484    i.STMFLASH_Write    flash.o
    0x08004898   0x08004898   0x00000114   Code   RO         1735    i.SendToRemote      remotedata.o
    0x080049ac   0x080049ac   0x00000008   Code   RO         3574    i.SetSysClock       system_stm32f10x.o
    0x080049b4   0x080049b4   0x000000e0   Code   RO         3575    i.SetSysClockTo72   system_stm32f10x.o
    0x08004a94   0x08004a94   0x0000011c   Code   RO         1208    i.SortAver_FilterXYZ  filter.o
    0x08004bb0   0x08004bb0   0x00000028   Code   RO         1791    i.SysTick_CLKSourceConfig  misc.o
    0x08004bd8   0x08004bd8   0x00000060   Code   RO         3577    i.SystemInit        system_stm32f10x.o
    0x08004c38   0x08004c38   0x00000068   Code   RO          229    i.System_Init       system.o
    0x08004ca0   0x08004ca0   0x00000110   Code   RO          165    i.TIM4_IRQHandler   stm32f10x_it.o
    0x08004db0   0x08004db0   0x00000006   Code   RO         2826    i.TIM_ClearITPendingBit  stm32f10x_tim.o
    0x08004db6   0x08004db6   0x00000018   Code   RO         2831    i.TIM_Cmd           stm32f10x_tim.o
    0x08004dce   0x08004dce   0x00000022   Code   RO         2852    i.TIM_GetITStatus   stm32f10x_tim.o
    0x08004df0   0x08004df0   0x00000012   Code   RO         2856    i.TIM_ITConfig      stm32f10x_tim.o
    0x08004e02   0x08004e02   0x00000002   PAD
    0x08004e04   0x08004e04   0x00000040   Code   RO          434    i.TIM_Init          tim.o
    0x08004e44   0x08004e44   0x00000098   Code   RO         2860    i.TIM_OC1Init       stm32f10x_tim.o
    0x08004edc   0x08004edc   0x00000012   Code   RO         2863    i.TIM_OC1PreloadConfig  stm32f10x_tim.o
    0x08004eee   0x08004eee   0x00000002   PAD
    0x08004ef0   0x08004ef0   0x000000a4   Code   RO         2865    i.TIM_OC2Init       stm32f10x_tim.o
    0x08004f94   0x08004f94   0x0000001a   Code   RO         2868    i.TIM_OC2PreloadConfig  stm32f10x_tim.o
    0x08004fae   0x08004fae   0x00000002   PAD
    0x08004fb0   0x08004fb0   0x000000a0   Code   RO         2870    i.TIM_OC3Init       stm32f10x_tim.o
    0x08005050   0x08005050   0x00000012   Code   RO         2873    i.TIM_OC3PreloadConfig  stm32f10x_tim.o
    0x08005062   0x08005062   0x00000002   PAD
    0x08005064   0x08005064   0x0000007c   Code   RO         2875    i.TIM_OC4Init       stm32f10x_tim.o
    0x080050e0   0x080050e0   0x0000001a   Code   RO         2877    i.TIM_OC4PreloadConfig  stm32f10x_tim.o
    0x080050fa   0x080050fa   0x00000002   PAD
    0x080050fc   0x080050fc   0x000000a4   Code   RO         2902    i.TIM_TimeBaseInit  stm32f10x_tim.o
    0x080051a0   0x080051a0   0x00000258   Code   RO         1558    i.TableToParams     paramsave.o
    0x080053f8   0x080053f8   0x000000c0   Code   RO          230    i.Task_Schedule     system.o
    0x080054b8   0x080054b8   0x0000004c   Code   RO          166    i.USART1_IRQHandler  stm32f10x_it.o
    0x08005504   0x08005504   0x0000001e   Code   RO         3376    i.USART_ClearITPendingBit  stm32f10x_usart.o
    0x08005522   0x08005522   0x00000018   Code   RO         3379    i.USART_Cmd         stm32f10x_usart.o
    0x0800553a   0x0800553a   0x0000001a   Code   RO         3382    i.USART_GetFlagStatus  stm32f10x_usart.o
    0x08005554   0x08005554   0x00000054   Code   RO         3383    i.USART_GetITStatus  stm32f10x_usart.o
    0x080055a8   0x080055a8   0x0000004a   Code   RO         3385    i.USART_ITConfig    stm32f10x_usart.o
    0x080055f2   0x080055f2   0x00000002   PAD
    0x080055f4   0x080055f4   0x000000d8   Code   RO         3386    i.USART_Init        stm32f10x_usart.o
    0x080056cc   0x080056cc   0x00000008   Code   RO         3396    i.USART_SendData    stm32f10x_usart.o
    0x080056d4   0x080056d4   0x00000098   Code   RO          524    i.USART_init        usart.o
    0x0800576c   0x0800576c   0x00000020   Code   RO         1736    i.UnControl_Land    remotedata.o
    0x0800578c   0x0800578c   0x00000070   Code   RO          289    i.Write0            led.o
    0x080057fc   0x080057fc   0x00000078   Code   RO          290    i.Write1            led.o
    0x08005874   0x08005874   0x0000001c   Code   RO          291    i.Write24Bit        led.o
    0x08005890   0x08005890   0x00000080   Code   RO         1444    i.Yaw_Carefree      control.o
    0x08005910   0x08005910   0x00000010   Code   RO         3670    i.__0printf$bare    mc_w.l(printfb.o)
    0x08005920   0x08005920   0x00000026   Code   RO         3967    i.__ARM_fpclassifyf  m_ws.l(fpclassifyf.o)
    0x08005946   0x08005946   0x00000006   Code   RO         3970    i.__mathlib_flt_infnan  m_ws.l(funder.o)
    0x0800594c   0x0800594c   0x00000004   Code   RO         3971    i.__mathlib_flt_infnan2  m_ws.l(funder.o)
    0x08005950   0x08005950   0x00000008   Code   RO         3972    i.__mathlib_flt_invalid  m_ws.l(funder.o)
    0x08005958   0x08005958   0x0000000a   Code   RO         3975    i.__mathlib_flt_underflow  m_ws.l(funder.o)
    0x08005962   0x08005962   0x00000002   PAD
    0x08005964   0x08005964   0x00000168   Code   RO         3983    i.__mathlib_rredf2  m_ws.l(rredf.o)
    0x08005acc   0x08005acc   0x0000000e   Code   RO         4047    i.__scatterload_copy  mc_w.l(handlers.o)
    0x08005ada   0x08005ada   0x00000002   Code   RO         4048    i.__scatterload_null  mc_w.l(handlers.o)
    0x08005adc   0x08005adc   0x0000000e   Code   RO         4049    i.__scatterload_zeroinit  mc_w.l(handlers.o)
    0x08005aea   0x08005aea   0x00000002   PAD
    0x08005aec   0x08005aec   0x0000000c   Code   RO         4019    i.__set_errno       mc_w.l(errno.o)
    0x08005af8   0x08005af8   0x00000022   Code   RO         3677    i._printf_core      mc_w.l(printfb.o)
    0x08005b1a   0x08005b1a   0x00000002   PAD
    0x08005b1c   0x08005b1c   0x00000124   Code   RO         3618    i.asinf             m_ws.l(asinf.o)
    0x08005c40   0x08005c40   0x0000025c   Code   RO         3626    i.atan2f            m_ws.l(atan2f.o)
    0x08005e9c   0x08005e9c   0x0000017c   Code   RO         3634    i.cosf              m_ws.l(cosf.o)
    0x08006018   0x08006018   0x00000024   Code   RO          525    i.fputc             usart.o
    0x0800603c   0x0800603c   0x0000004c   Code   RO         1294    i.invSqrt           imu.o
    0x08006088   0x08006088   0x00000014   Code   RO            4    i.main              main.o
    0x0800609c   0x0800609c   0x00000188   Code   RO         3652    i.sinf              m_ws.l(sinf.o)
    0x08006224   0x08006224   0x0000002c   Code   RO         3987    i.sqrtf             m_ws.l(sqrtf.o)
    0x08006250   0x08006250   0x00000030   Code   RO          526    i.usart_send        usart.o
    0x08006280   0x08006280   0x00000024   Data   RO         1296    .constdata          imu.o
    0x080062a4   0x080062a4   0x00000020   Data   RO         3984    .constdata          m_ws.l(rredf.o)
    0x080062c4   0x080062c4   0x00000020   Data   RO         4045    Region$$Table       anon$$obj.o


    Execution Region RW_IRAM1 (Exec base: 0x20000000, Load base: 0x080062e4, Size: 0x00000fe0, Max: 0x00005000, ABSOLUTE, COMPRESSED[0x00000068])

    Exec Addr    Load Addr    Size         Type   Attr      Idx    E Section Name        Object

    0x20000000   COMPRESSED   0x00000014   Data   RW          167    .data               stm32f10x_it.o
    0x20000014   COMPRESSED   0x00000002   Data   RW          231    .data               system.o
    0x20000016   COMPRESSED   0x00000002   PAD
    0x20000018   COMPRESSED   0x000001c6   Data   RW          292    .data               led.o
    0x200001de   COMPRESSED   0x00000004   Data   RW          563    .data               delay.o
    0x200001e2   COMPRESSED   0x00000002   PAD
    0x200001e4   COMPRESSED   0x00000017   Data   RW          602    .data               power.o
    0x200001fb   COMPRESSED   0x0000000d   Data   RW          829    .data               si24r1.o
    0x20000208   COMPRESSED   0x00000034   Data   RW         1085    .data               mpu6050.o
    0x2000023c   COMPRESSED   0x0000000e   Data   RW         1211    .data               filter.o
    0x2000024a   COMPRESSED   0x00000002   PAD
    0x2000024c   COMPRESSED   0x00000021   Data   RW         1297    .data               imu.o
    0x2000026d   COMPRESSED   0x00000003   PAD
    0x20000270   COMPRESSED   0x00000024   Data   RW         1348    .data               kalman.o
    0x20000294   COMPRESSED   0x0000001c   Data   RW         1447    .data               control.o
    0x200002b0   COMPRESSED   0x00000009   Data   RW         1641    .data               ano_dt.o
    0x200002b9   COMPRESSED   0x00000001   PAD
    0x200002ba   COMPRESSED   0x0000000c   Data   RW         1737    .data               remotedata.o
    0x200002c6   COMPRESSED   0x00000014   Data   RW         2479    .data               stm32f10x_rcc.o
    0x200002da   COMPRESSED   0x00000002   PAD
    0x200002dc   COMPRESSED   0x00000014   Data   RW         3578    .data               system_stm32f10x.o
    0x200002f0   COMPRESSED   0x00000004   Data   RW         3663    .data               mc_w.l(rand.o)
    0x200002f4   COMPRESSED   0x00000004   Data   RW         4008    .data               mc_w.l(stdout.o)
    0x200002f8   COMPRESSED   0x00000004   Data   RW         4020    .data               mc_w.l(errno.o)
    0x200002fc        -       0x00000040   Zero   RW          828    .bss                si24r1.o
    0x2000033c        -       0x00000040   Zero   RW          973    .bss                fbm320.o
    0x2000037c        -       0x0000000e   Zero   RW         1084    .bss                mpu6050.o
    0x2000038a   COMPRESSED   0x00000002   PAD
    0x2000038c        -       0x00000500   Zero   RW         1210    .bss                filter.o
    0x2000088c        -       0x00000078   Zero   RW         1295    .bss                imu.o
    0x20000904        -       0x00000050   Zero   RW         1347    .bss                kalman.o
    0x20000954        -       0x000001e0   Zero   RW         1446    .bss                control.o
    0x20000b34        -       0x0000003e   Zero   RW         1559    .bss                paramsave.o
    0x20000b72        -       0x0000006e   Zero   RW         1640    .bss                ano_dt.o
    0x20000be0        -       0x00000400   Zero   RW         3564    STACK               startup_stm32f10x_md.o


==============================================================================

Image component sizes


      Code (inc. data)   RO Data    RW Data    ZI Data      Debug   Object Name

      4456        252          0          9        110       9602   ano_dt.o
       732         70          0         28        480       6855   control.o
       212         30          0          4          0       1563   delay.o
        80          6          0          0          0        484   exit.o
         0          0          0          0         64       4344   fbm320.o
       430         20          0         14       1280      11813   filter.o
       174         10          0          0          0       2201   flash.o
       854         52          0          0          0       7126   iic.o
      2312        148         36         33        120       7966   imu.o
       570         72          0         36         80       3655   kalman.o
       764         52          0        454          0       6427   led.o
        20          0          0          0          0     278111   main.o
       172         22          0          0          0       2137   misc.o
       368         16          0          0          0       1324   motor.o
       786         78          0         52         14      10864   mpu6050.o
        94          0          0          0          0        481   nvic.o
      1548        164          0          0         62       7327   paramsave.o
       400         62          0          0          0       5631   pid.o
       112          8          0         23          0       5274   power.o
       720         88          0         12          0       6938   remotedata.o
      1020        112          0         13         64       7628   si24r1.o
       184         14          0          0          0       1057   spi.o
        36          8        236          0       1024        804   startup_stm32f10x_md.o
       286         10          0          0          0       4172   stm32f10x_adc.o
       200         18          0          0          0       2184   stm32f10x_exti.o
       318         32          0          0          0       4966   stm32f10x_flash.o
       350          4          0          0          0       3738   stm32f10x_gpio.o
       476         70          0         20          0       2126   stm32f10x_it.o
       300         38          0         20          0       5045   stm32f10x_rcc.o
       112          0          0          0          0       3930   stm32f10x_spi.o
       934         92          0          0          0       8950   stm32f10x_tim.o
       462          6          0          0          0       6371   stm32f10x_usart.o
       296         70          0          2          0       1219   system.o
       328         28          0         20          0       2161   system_stm32f10x.o
        64          4          0          0          0        451   tim.o
       236         20          0          0          0       2002   usart.o

    ----------------------------------------------------------------------
     20436       1676        304        752       3300     436927   Object Totals
         0          0         32          0          0          0   (incl. Generated)
        30          0          0         12          2          0   (incl. Padding)

    ----------------------------------------------------------------------

      Code (inc. data)   RO Data    RW Data    ZI Data      Debug   Library Member Name

       292         38          0          0          0        120   asinf.o
       604         76          0          0          0        116   atan2f.o
       380         52          0          0          0        124   cosf.o
        38          0          0          0          0         68   fpclassifyf.o
        28          0          0          0          0        272   funder.o
       360         16         32          0          0         88   rredf.o
       392         54          0          0          0        124   sinf.o
        44          0          0          0          0         80   sqrtf.o
        86          0          0          0          0          0   __dczerorl2.o
         0          0          0          0          0          0   entry.o
         0          0          0          0          0          0   entry10a.o
         0          0          0          0          0          0   entry11a.o
         8          4          0          0          0          0   entry2.o
         4          0          0          0          0          0   entry5.o
         0          0          0          0          0          0   entry7b.o
         0          0          0          0          0          0   entry8b.o
         8          4          0          0          0          0   entry9a.o
        12          6          0          4          0         68   errno.o
        30          0          0          0          0          0   handlers.o
        36          8          0          0          0         68   init.o
         0          0          0          0          0          0   iusefp.o
        30          0          0          0          0         68   llshl.o
        36          0          0          0          0         68   llsshr.o
        32          0          0          0          0         68   llushr.o
        36          0          0          0          0         68   memcpya.o
        50          8          0          0          0        152   printfb.o
        36         10          0          4          0        136   rand.o
         0          0          0          4          0          0   stdout.o
        48          0          0          0          0         68   cdcmple.o
        20          0          0          0          0         68   cfcmple.o
        20          0          0          0          0         68   cfrcmple.o
        56          0          0          0          0         88   d2f.o
       334          0          0          0          0        148   dadd.o
       222          0          0          0          0        100   ddiv.o
       186          0          0          0          0        176   depilogue.o
        34          0          0          0          0         76   dflti.o
       228          0          0          0          0         96   dmul.o
        38          0          0          0          0         68   f2d.o
       176          0          0          0          0        140   fadd.o
       124          0          0          0          0         88   fdiv.o
       110          0          0          0          0        168   fepilogue.o
        50          0          0          0          0         68   ffixi.o
        40          0          0          0          0         68   ffixui.o
        18          0          0          0          0         68   fflti.o
        10          0          0          0          0         68   ffltui.o
       100          0          0          0          0         76   fmul.o
        60          0          0          0          0         76   frnd.o
        24          0          0          0          0         68   fscalb.o
        94          0          0          0          0         96   fsqrt.o

    ----------------------------------------------------------------------
      4544        276         32         12          0       3628   Library Totals
        10          0          0          0          0          0   (incl. Padding)

    ----------------------------------------------------------------------

      Code (inc. data)   RO Data    RW Data    ZI Data      Debug   Library Name

      2138        236         32          0          0        992   m_ws.l
       404         40          0         12          0        696   mc_w.l
      1992          0          0          0          0       1940   mf_w.l

    ----------------------------------------------------------------------
      4544        276         32         12          0       3628   Library Totals

    ----------------------------------------------------------------------

==============================================================================


      Code (inc. data)   RO Data    RW Data    ZI Data      Debug   

     24980       1952        336        764       3300     430699   Grand Totals
     24980       1952        336        104       3300     430699   ELF Image Totals (compressed)
     24980       1952        336        104          0          0   ROM Totals

==============================================================================

    Total RO  Size (Code + RO Data)                25316 (  24.72kB)
    Total RW  Size (RW Data + ZI Data)              4064 (   3.97kB)
    Total ROM Size (Code + RO Data + RW Data)      25420 (  24.82kB)

==============================================================================

